Component: ARM Compiler 5.06 update 7 (build 960) Tool: armlink [4d3601]

==============================================================================

Section Cross References

    startup_stm32f401xe.o(RESET) refers to startup_stm32f401xe.o(STACK) for __initial_sp
    startup_stm32f401xe.o(RESET) refers to startup_stm32f401xe.o(.text) for Reset_Handler
    startup_stm32f401xe.o(RESET) refers to stm32f4xx_it.o(i.NMI_Handler) for NMI_Handler
    startup_stm32f401xe.o(RESET) refers to stm32f4xx_it.o(i.HardFault_Handler) for HardFault_Handler
    startup_stm32f401xe.o(RESET) refers to stm32f4xx_it.o(i.MemManage_Handler) for MemManage_Handler
    startup_stm32f401xe.o(RESET) refers to stm32f4xx_it.o(i.BusFault_Handler) for BusFault_Handler
    startup_stm32f401xe.o(RESET) refers to stm32f4xx_it.o(i.UsageFault_Handler) for UsageFault_Handler
    startup_stm32f401xe.o(RESET) refers to stm32f4xx_it.o(i.SVC_Handler) for SVC_Handler
    startup_stm32f401xe.o(RESET) refers to stm32f4xx_it.o(i.DebugMon_Handler) for DebugMon_Handler
    startup_stm32f401xe.o(RESET) refers to stm32f4xx_it.o(i.PendSV_Handler) for PendSV_Handler
    startup_stm32f401xe.o(RESET) refers to stm32f4xx_it.o(i.SysTick_Handler) for SysTick_Handler
    startup_stm32f401xe.o(.text) refers to system_stm32f4xx.o(i.SystemInit) for SystemInit
    startup_stm32f401xe.o(.text) refers to entry.o(.ARM.Collect$$$$00000000) for __main
    fatfs_sd.o(i.DESELECT) refers to stm32f4xx_hal_gpio.o(i.HAL_GPIO_WritePin) for HAL_GPIO_WritePin
    fatfs_sd.o(i.DESELECT) refers to stm32f4xx_hal.o(i.HAL_Delay) for HAL_Delay
    fatfs_sd.o(i.SD_PowerOn) refers to fatfs_sd.o(i.DESELECT) for DESELECT
    fatfs_sd.o(i.SD_PowerOn) refers to fatfs_sd.o(i.SPI_TxByte) for SPI_TxByte
    fatfs_sd.o(i.SD_PowerOn) refers to fatfs_sd.o(i.SELECT) for SELECT
    fatfs_sd.o(i.SD_PowerOn) refers to fatfs_sd.o(i.SPI_TxBuffer) for SPI_TxBuffer
    fatfs_sd.o(i.SD_PowerOn) refers to fatfs_sd.o(i.SPI_RxByte) for SPI_RxByte
    fatfs_sd.o(i.SD_PowerOn) refers to fatfs_sd.o(.data) for .data
    fatfs_sd.o(i.SD_ReadyWait) refers to fatfs_sd.o(i.SPI_RxByte) for SPI_RxByte
    fatfs_sd.o(i.SD_ReadyWait) refers to fatfs_sd.o(.data) for .data
    fatfs_sd.o(i.SD_RxDataBlock) refers to fatfs_sd.o(i.SPI_RxByte) for SPI_RxByte
    fatfs_sd.o(i.SD_RxDataBlock) refers to fatfs_sd.o(.data) for .data
    fatfs_sd.o(i.SD_SendCmd) refers to fatfs_sd.o(i.SD_ReadyWait) for SD_ReadyWait
    fatfs_sd.o(i.SD_SendCmd) refers to fatfs_sd.o(i.SPI_TxByte) for SPI_TxByte
    fatfs_sd.o(i.SD_SendCmd) refers to fatfs_sd.o(i.SPI_RxByte) for SPI_RxByte
    fatfs_sd.o(i.SD_TxDataBlock) refers to fatfs_sd.o(i.SD_ReadyWait) for SD_ReadyWait
    fatfs_sd.o(i.SD_TxDataBlock) refers to fatfs_sd.o(i.SPI_TxByte) for SPI_TxByte
    fatfs_sd.o(i.SD_TxDataBlock) refers to fatfs_sd.o(i.SPI_TxBuffer) for SPI_TxBuffer
    fatfs_sd.o(i.SD_TxDataBlock) refers to fatfs_sd.o(i.SPI_RxByte) for SPI_RxByte
    fatfs_sd.o(i.SD_disk_initialize) refers to fatfs_sd.o(i.SD_PowerOn) for SD_PowerOn
    fatfs_sd.o(i.SD_disk_initialize) refers to fatfs_sd.o(i.SELECT) for SELECT
    fatfs_sd.o(i.SD_disk_initialize) refers to fatfs_sd.o(i.SD_SendCmd) for SD_SendCmd
    fatfs_sd.o(i.SD_disk_initialize) refers to fatfs_sd.o(i.SPI_RxByte) for SPI_RxByte
    fatfs_sd.o(i.SD_disk_initialize) refers to fatfs_sd.o(i.DESELECT) for DESELECT
    fatfs_sd.o(i.SD_disk_initialize) refers to fatfs_sd.o(.data) for .data
    fatfs_sd.o(i.SD_disk_ioctl) refers to fatfs_sd.o(i.SD_PowerOn) for SD_PowerOn
    fatfs_sd.o(i.SD_disk_ioctl) refers to fatfs_sd.o(i.SELECT) for SELECT
    fatfs_sd.o(i.SD_disk_ioctl) refers to fatfs_sd.o(i.SD_SendCmd) for SD_SendCmd
    fatfs_sd.o(i.SD_disk_ioctl) refers to fatfs_sd.o(i.SD_RxDataBlock) for SD_RxDataBlock
    fatfs_sd.o(i.SD_disk_ioctl) refers to fatfs_sd.o(i.SD_ReadyWait) for SD_ReadyWait
    fatfs_sd.o(i.SD_disk_ioctl) refers to fatfs_sd.o(i.SPI_RxByte) for SPI_RxByte
    fatfs_sd.o(i.SD_disk_ioctl) refers to fatfs_sd.o(i.DESELECT) for DESELECT
    fatfs_sd.o(i.SD_disk_ioctl) refers to fatfs_sd.o(.data) for .data
    fatfs_sd.o(i.SD_disk_read) refers to fatfs_sd.o(i.SELECT) for SELECT
    fatfs_sd.o(i.SD_disk_read) refers to fatfs_sd.o(i.SD_SendCmd) for SD_SendCmd
    fatfs_sd.o(i.SD_disk_read) refers to fatfs_sd.o(i.SD_RxDataBlock) for SD_RxDataBlock
    fatfs_sd.o(i.SD_disk_read) refers to fatfs_sd.o(i.DESELECT) for DESELECT
    fatfs_sd.o(i.SD_disk_read) refers to fatfs_sd.o(i.SPI_RxByte) for SPI_RxByte
    fatfs_sd.o(i.SD_disk_read) refers to fatfs_sd.o(.data) for .data
    fatfs_sd.o(i.SD_disk_status) refers to fatfs_sd.o(.data) for .data
    fatfs_sd.o(i.SD_disk_write) refers to fatfs_sd.o(i.SELECT) for SELECT
    fatfs_sd.o(i.SD_disk_write) refers to fatfs_sd.o(i.SD_SendCmd) for SD_SendCmd
    fatfs_sd.o(i.SD_disk_write) refers to fatfs_sd.o(i.SD_TxDataBlock) for SD_TxDataBlock
    fatfs_sd.o(i.SD_disk_write) refers to fatfs_sd.o(i.DESELECT) for DESELECT
[...]
    Removing stm32f4xx_hal_flash_ex.o(i.FLASH_MassErase), (40 bytes).
    Removing stm32f4xx_hal_flash_ex.o(i.HAL_FLASHEx_AdvOBGetConfig), (12 bytes).
    Removing stm32f4xx_hal_flash_ex.o(i.HAL_FLASHEx_AdvOBProgram), (60 bytes).
    Removing stm32f4xx_hal_flash_ex.o(i.HAL_FLASHEx_Erase), (152 bytes).
    Removing stm32f4xx_hal_flash_ex.o(i.HAL_FLASHEx_Erase_IT), (104 bytes).
    Removing stm32f4xx_hal_flash_ex.o(i.HAL_FLASHEx_OBGetConfig), (64 bytes).
    Removing stm32f4xx_hal_flash_ex.o(i.HAL_FLASHEx_OBProgram), (204 bytes).
    Removing stm32f4xx_hal_flash_ex.o(i.HAL_FLASHEx_OB_DeSelectPCROP), (20 bytes).
    Removing stm32f4xx_hal_flash_ex.o(i.HAL_FLASHEx_OB_SelectPCROP), (24 bytes).
    Removing stm32f4xx_hal_flash_ramfunc.o(.rev16_text), (4 bytes).
    Removing stm32f4xx_hal_flash_ramfunc.o(.revsh_text), (4 bytes).
    Removing stm32f4xx_hal_flash_ramfunc.o(.rrx_text), (6 bytes).
    Removing stm32f4xx_hal_gpio.o(.rev16_text), (4 bytes).
    Removing stm32f4xx_hal_gpio.o(.revsh_text), (4 bytes).
    Removing stm32f4xx_hal_gpio.o(.rrx_text), (6 bytes).
    Removing stm32f4xx_hal_gpio.o(i.HAL_GPIO_DeInit), (300 bytes).
    Removing stm32f4xx_hal_gpio.o(i.HAL_GPIO_EXTI_Callback), (2 bytes).
    Removing stm32f4xx_hal_gpio.o(i.HAL_GPIO_EXTI_IRQHandler), (24 bytes).
    Removing stm32f4xx_hal_gpio.o(i.HAL_GPIO_LockPin), (34 bytes).
    Removing stm32f4xx_hal_gpio.o(i.HAL_GPIO_ReadPin), (10 bytes).
    Removing stm32f4xx_hal_gpio.o(i.HAL_GPIO_TogglePin), (16 bytes).
    Removing stm32f4xx_hal_dma_ex.o(.rev16_text), (4 bytes).
    Removing stm32f4xx_hal_dma_ex.o(.revsh_text), (4 bytes).
    Removing stm32f4xx_hal_dma_ex.o(.rrx_text), (6 bytes).
    Removing stm32f4xx_hal_dma_ex.o(i.DMA_MultiBufferSetConfig), (30 bytes).
    Removing stm32f4xx_hal_dma_ex.o(i.HAL_DMAEx_ChangeMemory), (14 bytes).
    Removing stm32f4xx_hal_dma_ex.o(i.HAL_DMAEx_MultiBufferStart), (100 bytes).
    Removing stm32f4xx_hal_dma_ex.o(i.HAL_DMAEx_MultiBufferStart_IT), (2432 bytes).
    Removing stm32f4xx_hal_dma.o(.rev16_text), (4 bytes).
    Removing stm32f4xx_hal_dma.o(.revsh_text), (4 bytes).
    Removing stm32f4xx_hal_dma.o(.rrx_text), (6 bytes).
    Removing stm32f4xx_hal_dma.o(i.DMA_CalcBaseAndBitshift), (40 bytes).
    Removing stm32f4xx_hal_dma.o(i.DMA_CheckFifoParam), (84 bytes).
    Removing stm32f4xx_hal_dma.o(i.DMA_SetConfig), (40 bytes).
    Removing stm32f4xx_hal_dma.o(i.HAL_DMA_Abort), (146 bytes).
    Removing stm32f4xx_hal_dma.o(i.HAL_DMA_Abort_IT), (36 bytes).
    Removing stm32f4xx_hal_dma.o(i.HAL_DMA_DeInit), (98 bytes).
    Removing stm32f4xx_hal_dma.o(i.HAL_DMA_GetError), (4 bytes).
    Removing stm32f4xx_hal_dma.o(i.HAL_DMA_GetState), (6 bytes).
    Removing stm32f4xx_hal_dma.o(i.HAL_DMA_IRQHandler), (416 bytes).
    Removing stm32f4xx_hal_dma.o(i.HAL_DMA_Init), (212 bytes).
    Removing stm32f4xx_hal_dma.o(i.HAL_DMA_PollForTransfer), (288 bytes).
    Removing stm32f4xx_hal_dma.o(i.HAL_DMA_RegisterCallback), (80 bytes).
    Removing stm32f4xx_hal_dma.o(i.HAL_DMA_Start), (70 bytes).
    Removing stm32f4xx_hal_dma.o(i.HAL_DMA_Start_IT), (110 bytes).
    Removing stm32f4xx_hal_dma.o(i.HAL_DMA_UnRegisterCallback), (96 bytes).
    Removing stm32f4xx_hal_dma.o(.constdata), (8 bytes).
    Removing stm32f4xx_hal_pwr.o(.rev16_text), (4 bytes).
    Removing stm32f4xx_hal_pwr.o(.revsh_text), (4 bytes).
    Removing stm32f4xx_hal_pwr.o(.rrx_text), (6 bytes).
    Removing stm32f4xx_hal_pwr.o(i.HAL_PWR_ConfigPVD), (124 bytes).
    Removing stm32f4xx_hal_pwr.o(i.HAL_PWR_DeInit), (24 bytes).
    Removing stm32f4xx_hal_pwr.o(i.HAL_PWR_DisableBkUpAccess), (24 bytes).
    Removing stm32f4xx_hal_pwr.o(i.HAL_PWR_DisablePVD), (12 bytes).
    Removing stm32f4xx_hal_pwr.o(i.HAL_PWR_DisableSEVOnPend), (16 bytes).
    Removing stm32f4xx_hal_pwr.o(i.HAL_PWR_DisableSleepOnExit), (16 bytes).
    Removing stm32f4xx_hal_pwr.o(i.HAL_PWR_DisableWakeUpPin), (16 bytes).
    Removing stm32f4xx_hal_pwr.o(i.HAL_PWR_EnableBkUpAccess), (24 bytes).
    Removing stm32f4xx_hal_pwr.o(i.HAL_PWR_EnablePVD), (12 bytes).
    Removing stm32f4xx_hal_pwr.o(i.HAL_PWR_EnableSEVOnPend), (16 bytes).
    Removing stm32f4xx_hal_pwr.o(i.HAL_PWR_EnableSleepOnExit), (16 bytes).
    Removing stm32f4xx_hal_pwr.o(i.HAL_PWR_EnableWakeUpPin), (16 bytes).
    Removing stm32f4xx_hal_pwr.o(i.HAL_PWR_EnterSLEEPMode), (32 bytes).
    Removing stm32f4xx_hal_pwr.o(i.HAL_PWR_EnterSTANDBYMode), (32 bytes).
    Removing stm32f4xx_hal_pwr.o(i.HAL_PWR_EnterSTOPMode), (56 bytes).
    Removing stm32f4xx_hal_pwr.o(i.HAL_PWR_PVDCallback), (2 bytes).
    Removing stm32f4xx_hal_pwr.o(i.HAL_PWR_PVD_IRQHandler), (28 bytes).
    Removing stm32f4xx_hal_pwr_ex.o(.rev16_text), (4 bytes).
    Removing stm32f4xx_hal_pwr_ex.o(.revsh_text), (4 bytes).
    Removing stm32f4xx_hal_pwr_ex.o(.rrx_text), (6 bytes).
    Removing stm32f4xx_hal_pwr_ex.o(i.HAL_PWREx_ControlVoltageScaling), (176 bytes).
    Removing stm32f4xx_hal_pwr_ex.o(i.HAL_PWREx_DisableBkUpReg), (60 bytes).
    Removing stm32f4xx_hal_pwr_ex.o(i.HAL_PWREx_DisableFlashPowerDown), (12 bytes).
    Removing stm32f4xx_hal_pwr_ex.o(i.HAL_PWREx_DisableLowRegulatorLowVoltage), (12 bytes).
    Removing stm32f4xx_hal_pwr_ex.o(i.HAL_PWREx_DisableMainRegulatorLowVoltage), (12 bytes).
    Removing stm32f4xx_hal_pwr_ex.o(i.HAL_PWREx_EnableBkUpReg), (60 bytes).
    Removing stm32f4xx_hal_pwr_ex.o(i.HAL_PWREx_EnableFlashPowerDown), (12 bytes).
    Removing stm32f4xx_hal_pwr_ex.o(i.HAL_PWREx_EnableLowRegulatorLowVoltage), (12 bytes).
    Removing stm32f4xx_hal_pwr_ex.o(i.HAL_PWREx_EnableMainRegulatorLowVoltage), (12 bytes).
    Removing stm32f4xx_hal_pwr_ex.o(i.HAL_PWREx_GetVoltageRange), (16 bytes).
    Removing stm32f4xx_hal_cortex.o(.rev16_text), (4 bytes).
    Removing stm32f4xx_hal_cortex.o(.revsh_text), (4 bytes).
    Removing stm32f4xx_hal_cortex.o(.rrx_text), (6 bytes).
    Removing stm32f4xx_hal_cortex.o(i.HAL_MPU_ConfigRegion), (84 bytes).
    Removing stm32f4xx_hal_cortex.o(i.HAL_MPU_Disable), (28 bytes).
    Removing stm32f4xx_hal_cortex.o(i.HAL_MPU_Enable), (36 bytes).
    Removing stm32f4xx_hal_cortex.o(i.HAL_NVIC_ClearPendingIRQ), (26 bytes).
    Removing stm32f4xx_hal_cortex.o(i.HAL_NVIC_DisableIRQ), (34 bytes).
    Removing stm32f4xx_hal_cortex.o(i.HAL_NVIC_EnableIRQ), (26 bytes).
    Removing stm32f4xx_hal_cortex.o(i.HAL_NVIC_GetActive), (36 bytes).
    Removing stm32f4xx_hal_cortex.o(i.HAL_NVIC_GetPendingIRQ), (36 bytes).
    Removing stm32f4xx_hal_cortex.o(i.HAL_NVIC_GetPriority), (82 bytes).
    Removing stm32f4xx_hal_cortex.o(i.HAL_NVIC_GetPriorityGrouping), (16 bytes).
    Removing stm32f4xx_hal_cortex.o(i.HAL_NVIC_SetPendingIRQ), (26 bytes).
    Removing stm32f4xx_hal_cortex.o(i.HAL_NVIC_SystemReset), (36 bytes).
    Removing stm32f4xx_hal_cortex.o(i.HAL_SYSTICK_CLKSourceConfig), (24 bytes).
    Removing stm32f4xx_hal_cortex.o(i.HAL_SYSTICK_Callback), (2 bytes).
    Removing stm32f4xx_hal_cortex.o(i.HAL_SYSTICK_IRQHandler), (8 bytes).
    Removing stm32f4xx_hal.o(.rev16_text), (4 bytes).
    Removing stm32f4xx_hal.o(.revsh_text), (4 bytes).
    Removing stm32f4xx_hal.o(.rrx_text), (6 bytes).
    Removing stm32f4xx_hal.o(i.HAL_DBGMCU_DisableDBGSleepMode), (16 bytes).
    Removing stm32f4xx_hal.o(i.HAL_DBGMCU_DisableDBGStandbyMode), (16 bytes).
    Removing stm32f4xx_hal.o(i.HAL_DBGMCU_DisableDBGStopMode), (16 bytes).
    Removing stm32f4xx_hal.o(i.HAL_DBGMCU_EnableDBGSleepMode), (16 bytes).
    Removing stm32f4xx_hal.o(i.HAL_DBGMCU_EnableDBGStandbyMode), (16 bytes).
    Removing stm32f4xx_hal.o(i.HAL_DBGMCU_EnableDBGStopMode), (16 bytes).
    Removing stm32f4xx_hal.o(i.HAL_DeInit), (52 bytes).
    Removing stm32f4xx_hal.o(i.HAL_DisableCompensationCell), (12 bytes).
    Removing stm32f4xx_hal.o(i.HAL_EnableCompensationCell), (12 bytes).
    Removing stm32f4xx_hal.o(i.HAL_GetDEVID), (16 bytes).
    Removing stm32f4xx_hal.o(i.HAL_GetHalVersion), (8 bytes).
    Removing stm32f4xx_hal.o(i.HAL_GetREVID), (12 bytes).
    Removing stm32f4xx_hal.o(i.HAL_GetTickFreq), (12 bytes).
    Removing stm32f4xx_hal.o(i.HAL_GetTickPrio), (12 bytes).
    Removing stm32f4xx_hal.o(i.HAL_GetUIDw0), (12 bytes).
    Removing stm32f4xx_hal.o(i.HAL_GetUIDw1), (12 bytes).
    Removing stm32f4xx_hal.o(i.HAL_GetUIDw2), (12 bytes).
    Removing stm32f4xx_hal.o(i.HAL_MspDeInit), (2 bytes).
    Removing stm32f4xx_hal.o(i.HAL_MspInit), (2 bytes).
    Removing stm32f4xx_hal.o(i.HAL_ResumeTick), (14 bytes).
    Removing stm32f4xx_hal.o(i.HAL_SetTickFreq), (36 bytes).
    Removing stm32f4xx_hal.o(i.HAL_SuspendTick), (14 bytes).
    Removing stm32f4xx_hal_exti.o(.rev16_text), (4 bytes).
    Removing stm32f4xx_hal_exti.o(.revsh_text), (4 bytes).
    Removing stm32f4xx_hal_exti.o(.rrx_text), (6 bytes).
    Removing stm32f4xx_hal_exti.o(i.HAL_EXTI_ClearConfigLine), (108 bytes).
    Removing stm32f4xx_hal_exti.o(i.HAL_EXTI_ClearPending), (20 bytes).
    Removing stm32f4xx_hal_exti.o(i.HAL_EXTI_GenerateSWI), (20 bytes).
    Removing stm32f4xx_hal_exti.o(i.HAL_EXTI_GetConfigLine), (148 bytes).
    Removing stm32f4xx_hal_exti.o(i.HAL_EXTI_GetHandle), (12 bytes).
    Removing stm32f4xx_hal_exti.o(i.HAL_EXTI_GetPending), (24 bytes).
    Removing stm32f4xx_hal_exti.o(i.HAL_EXTI_IRQHandler), (36 bytes).
    Removing stm32f4xx_hal_exti.o(i.HAL_EXTI_RegisterCallback), (14 bytes).
    Removing stm32f4xx_hal_exti.o(i.HAL_EXTI_SetConfigLine), (168 bytes).
    Removing stm32f4xx_hal_spi.o(.rev16_text), (4 bytes).
    Removing stm32f4xx_hal_spi.o(.revsh_text), (4 bytes).
    Removing stm32f4xx_hal_spi.o(.rrx_text), (6 bytes).
    Removing stm32f4xx_hal_spi.o(i.HAL_SPI_Abort), (292 bytes).
    Removing stm32f4xx_hal_spi.o(i.HAL_SPI_Abort_IT), (292 bytes).
    Removing stm32f4xx_hal_spi.o(i.HAL_SPI_DMAPause), (38 bytes).
    Removing stm32f4xx_hal_spi.o(i.HAL_SPI_DMAResume), (38 bytes).
    Removing stm32f4xx_hal_spi.o(i.HAL_SPI_DMAStop), (66 bytes).
    Removing stm32f4xx_hal_spi.o(i.HAL_SPI_DeInit), (60 bytes).
    Removing stm32f4xx_hal_spi.o(i.HAL_SPI_GetError), (4 bytes).
    Removing stm32f4xx_hal_spi.o(i.HAL_SPI_GetState), (6 bytes).
    Removing stm32f4xx_hal_spi.o(i.HAL_SPI_IRQHandler), (248 bytes).
    Removing stm32f4xx_hal_spi.o(i.HAL_SPI_MspDeInit), (2 bytes).
    Removing stm32f4xx_hal_spi.o(i.HAL_SPI_MspInit), (2 bytes).
    Removing stm32f4xx_hal_spi.o(i.HAL_SPI_Receive), (346 bytes).
    Removing stm32f4xx_hal_spi.o(i.HAL_SPI_Receive_DMA), (244 bytes).
    Removing stm32f4xx_hal_spi.o(i.HAL_SPI_Receive_IT), (176 bytes).
    Removing stm32f4xx_hal_spi.o(i.HAL_SPI_RegisterCallback), (138 bytes).
    Removing stm32f4xx_hal_spi.o(i.HAL_SPI_Transmit), (358 bytes).
    Removing stm32f4xx_hal_spi.o(i.HAL_SPI_TransmitReceive), (482 bytes).
    Removing stm32f4xx_hal_spi.o(i.HAL_SPI_TransmitReceive_DMA), (292 bytes).
    Removing stm32f4xx_hal_spi.o(i.HAL_SPI_TransmitReceive_IT), (164 bytes).
    Removing stm32f4xx_hal_spi.o(i.HAL_SPI_Transmit_DMA), (216 bytes).
    Removing stm32f4xx_hal_spi.o(i.HAL_SPI_Transmit_IT), (148 bytes).
    Removing stm32f4xx_hal_spi.o(i.HAL_SPI_UnRegisterCallback), (184 bytes).
    Removing stm32f4xx_hal_spi.o(i.SPI_2linesRxISR_16BIT), (48 bytes).
    Removing stm32f4xx_hal_spi.o(i.SPI_2linesRxISR_8BIT), (48 bytes).
    Removing stm32f4xx_hal_spi.o(i.SPI_2linesTxISR_16BIT), (48 bytes).
    Removing stm32f4xx_hal_spi.o(i.SPI_2linesTxISR_8BIT), (48 bytes).
    Removing stm32f4xx_hal_spi.o(i.SPI_AbortRx_ISR), (88 bytes).
    Removing stm32f4xx_hal_spi.o(i.SPI_AbortTx_ISR), (28 bytes).
    Removing stm32f4xx_hal_spi.o(i.SPI_CloseRxTx_ISR), (144 bytes).
    Removing stm32f4xx_hal_spi.o(i.SPI_CloseRx_ISR), (76 bytes).
    Removing stm32f4xx_hal_spi.o(i.SPI_CloseTx_ISR), (124 bytes).
    Removing stm32f4xx_hal_spi.o(i.SPI_DMAAbortOnError), (12 bytes).
    Removing stm32f4xx_hal_spi.o(i.SPI_DMAError), (30 bytes).
    Removing stm32f4xx_hal_spi.o(i.SPI_DMAHalfReceiveCplt), (6 bytes).
    Removing stm32f4xx_hal_spi.o(i.SPI_DMAHalfTransmitCplt), (6 bytes).
    Removing stm32f4xx_hal_spi.o(i.SPI_DMAHalfTransmitReceiveCplt), (6 bytes).
    Removing stm32f4xx_hal_spi.o(i.SPI_DMAReceiveCplt), (104 bytes).
    Removing stm32f4xx_hal_spi.o(i.SPI_DMARxAbortCallback), (108 bytes).
    Removing stm32f4xx_hal_spi.o(i.SPI_DMATransmitCplt), (100 bytes).
    Removing stm32f4xx_hal_spi.o(i.SPI_DMATransmitReceiveCplt), (88 bytes).
    Removing stm32f4xx_hal_spi.o(i.SPI_DMATxAbortCallback), (120 bytes).
    Removing stm32f4xx_hal_spi.o(i.SPI_EndRxTransaction), (92 bytes).
    Removing stm32f4xx_hal_spi.o(i.SPI_EndRxTxTransaction), (88 bytes).
    Removing stm32f4xx_hal_spi.o(i.SPI_RxISR_16BIT), (32 bytes).
    Removing stm32f4xx_hal_spi.o(i.SPI_RxISR_8BIT), (32 bytes).
    Removing stm32f4xx_hal_spi.o(i.SPI_TxISR_16BIT), (32 bytes).
    Removing stm32f4xx_hal_spi.o(i.SPI_TxISR_8BIT), (32 bytes).
    Removing stm32f4xx_hal_spi.o(i.SPI_WaitFlagStateUntilTimeout), (184 bytes).
    Removing stm32f4xx_hal_tim.o(.rev16_text), (4 bytes).
    Removing stm32f4xx_hal_tim.o(.revsh_text), (4 bytes).
    Removing stm32f4xx_hal_tim.o(.rrx_text), (6 bytes).
    Removing stm32f4xx_hal_tim_ex.o(.rev16_text), (4 bytes).
    Removing stm32f4xx_hal_tim_ex.o(.revsh_text), (4 bytes).
    Removing stm32f4xx_hal_tim_ex.o(.rrx_text), (6 bytes).
    Removing system_stm32f4xx.o(.rev16_text), (4 bytes).
    Removing system_stm32f4xx.o(.revsh_text), (4 bytes).
    Removing system_stm32f4xx.o(.rrx_text), (6 bytes).
    Removing system_stm32f4xx.o(i.SystemCoreClockUpdate), (124 bytes).
    Removing system_stm32f4xx.o(.constdata), (8 bytes).
    Removing diskio.o(.rev16_text), (4 bytes).
    Removing diskio.o(.revsh_text), (4 bytes).
    Removing diskio.o(.rrx_text), (6 bytes).
    Removing diskio.o(i.get_fattime), (4 bytes).
    Removing ff.o(.rev16_text), (4 bytes).
    Removing ff.o(.revsh_text), (4 bytes).
    Removing ff.o(.rrx_text), (6 bytes).
    Removing ff.o(i.dir_read), (182 bytes).
    Removing ff.o(i.dir_remove), (78 bytes).
    Removing ff.o(i.f_closedir), (34 bytes).
    Removing ff.o(i.f_lseek), (570 bytes).
    Removing ff.o(i.f_mkdir), (336 bytes).
    Removing ff.o(i.f_mkfs), (1408 bytes).
    Removing ff.o(i.f_opendir), (130 bytes).
    Removing ff.o(i.f_printf), (460 bytes).
    Removing ff.o(i.f_putc), (30 bytes).
    Removing ff.o(i.f_readdir), (64 bytes).
    Removing ff.o(i.f_rename), (258 bytes).
    Removing ff.o(i.f_stat), (60 bytes).
    Removing ff.o(i.f_truncate), (162 bytes).
    Removing ff.o(i.f_unlink), (158 bytes).
    Removing ff.o(i.get_fileinfo), (232 bytes).
    Removing ff.o(i.pick_lfn), (116 bytes).
    Removing ff_gen_drv.o(.rev16_text), (4 bytes).
    Removing ff_gen_drv.o(.revsh_text), (4 bytes).
    Removing ff_gen_drv.o(.rrx_text), (6 bytes).
    Removing ff_gen_drv.o(i.FATFS_GetAttachedDriversNbr), (12 bytes).
    Removing ff_gen_drv.o(i.FATFS_UnLinkDriver), (6 bytes).
    Removing ff_gen_drv.o(i.FATFS_UnLinkDriverEx), (52 bytes).
    Removing syscall.o(.rev16_text), (4 bytes).
    Removing syscall.o(.revsh_text), (4 bytes).
    Removing syscall.o(.rrx_text), (6 bytes).
    Removing ccsbcs.o(.rev16_text), (4 bytes).
    Removing ccsbcs.o(.revsh_text), (4 bytes).
    Removing ccsbcs.o(.rrx_text), (6 bytes).
    Removing user_diskio_1.o(.rev16_text), (4 bytes).
    Removing user_diskio_1.o(.revsh_text), (4 bytes).
    Removing user_diskio_1.o(.rrx_text), (6 bytes).
    Removing dadd.o(.text), (334 bytes).
    Removing ddiv.o(.text), (222 bytes).
    Removing dfixul.o(.text), (48 bytes).
    Removing cdrcmple.o(.text), (48 bytes).

331 unused section(s) (total 31717 bytes) removed from the image.

==============================================================================

Image Symbol Table

    Local Symbols

    Symbol Name                              Value     Ov Type        Size  Object(Section)

    ../Core/Src/gpio.c                       0x00000000   Number         0  gpio.o ABSOLUTE
    ../Core/Src/main.c                       0x00000000   Number         0  main.o ABSOLUTE
    ../Core/Src/spi.c                        0x00000000   Number         0  spi.o ABSOLUTE
    ../Core/Src/stm32f4xx_hal_msp.c          0x00000000   Number         0  stm32f4xx_hal_msp.o ABSOLUTE
    ../Core/Src/stm32f4xx_it.c               0x00000000   Number         0  stm32f4xx_it.o ABSOLUTE
    ../Core/Src/system_stm32f4xx.c           0x00000000   Number         0  system_stm32f4xx.o ABSOLUTE
    ../Drivers/STM32F4xx_HAL_Driver/Src/stm32f4xx_hal.c 0x00000000   Number         0  stm32f4xx_hal.o ABSOLUTE
    ../Drivers/STM32F4xx_HAL_Driver/Src/stm32f4xx_hal_cortex.c 0x00000000   Number         0  stm32f4xx_hal_cortex.o ABSOLUTE
    ../Drivers/STM32F4xx_HAL_Driver/Src/stm32f4xx_hal_dma.c 0x00000000   Number         0  stm32f4xx_hal_dma.o ABSOLUTE
    ../Drivers/STM32F4xx_HAL_Driver/Src/stm32f4xx_hal_dma_ex.c 0x00000000   Number         0  stm32f4xx_hal_dma_ex.o ABSOLUTE
    ../Drivers/STM32F4xx_HAL_Driver/Src/stm32f4xx_hal_exti.c 0x00000000   Number         0  stm32f4xx_hal_exti.o ABSOLUTE
    ../Drivers/STM32F4xx_HAL_Driver/Src/stm32f4xx_hal_flash.c 0x00000000   Number         0  stm32f4xx_hal_flash.o ABSOLUTE
    ../Drivers/STM32F4xx_HAL_Driver/Src/stm32f4xx_hal_flash_ex.c 0x00000000   Number         0  stm32f4xx_hal_flash_ex.o ABSOLUTE
    ../Drivers/STM32F4xx_HAL_Driver/Src/stm32f4xx_hal_flash_ramfunc.c 0x00000000   Number         0  stm32f4xx_hal_flash_ramfunc.o ABSOLUTE
    ../Drivers/STM32F4xx_HAL_Driver/Src/stm32f4xx_hal_gpio.c 0x00000000   Number         0  stm32f4xx_hal_gpio.o ABSOLUTE
    ../Drivers/STM32F4xx_HAL_Driver/Src/stm32f4xx_hal_pwr.c 0x00000000   Number         0  stm32f4xx_hal_pwr.o ABSOLUTE
    ../Drivers/STM32F4xx_HAL_Driver/Src/stm32f4xx_hal_pwr_ex.c 0x00000000   Number         0  stm32f4xx_hal_pwr_ex.o ABSOLUTE
    ../Drivers/STM32F4xx_HAL_Driver/Src/stm32f4xx_hal_rcc.c 0x00000000   Number         0  stm32f4xx_hal_rcc.o ABSOLUTE
    ../Drivers/STM32F4xx_HAL_Driver/Src/stm32f4xx_hal_rcc_ex.c 0x00000000   Number         0  stm32f4xx_hal_rcc_ex.o ABSOLUTE
    ../Drivers/STM32F4xx_HAL_Driver/Src/stm32f4xx_hal_spi.c 0x00000000   Number         0  stm32f4xx_hal_spi.o ABSOLUTE
    ../Drivers/STM32F4xx_HAL_Driver/Src/stm32f4xx_hal_tim.c 0x00000000   Number         0  stm32f4xx_hal_tim.o ABSOLUTE
    ../Drivers/STM32F4xx_HAL_Driver/Src/stm32f4xx_hal_tim_ex.c 0x00000000   Number         0  stm32f4xx_hal_tim_ex.o ABSOLUTE
    ../FATFS/App/fatfs.c                     0x00000000   Number         0  fatfs.o ABSOLUTE
    ../FATFS/Target/user_diskio.c            0x00000000   Number         0  user_diskio_1.o ABSOLUTE
    ../Middlewares/Third_Party/FatFs/src/diskio.c 0x00000000   Number         0  diskio.o ABSOLUTE
    ../Middlewares/Third_Party/FatFs/src/ff.c 0x00000000   Number         0  ff.o ABSOLUTE
    ../Middlewares/Third_Party/FatFs/src/ff_gen_drv.c 0x00000000   Number         0  ff_gen_drv.o ABSOLUTE
    ../Middlewares/Third_Party/FatFs/src/option/ccsbcs.c 0x00000000   Number         0  ccsbcs.o ABSOLUTE
    ../Middlewares/Third_Party/FatFs/src/option/syscall.c 0x00000000   Number         0  syscall.o ABSOLUTE
    ../clib/microlib/division.c              0x00000000   Number         0  uidiv.o ABSOLUTE
    ../clib/microlib/division.c              0x00000000   Number         0  uldiv.o ABSOLUTE
    ../clib/microlib/init/entry.s            0x00000000   Number         0  entry12b.o ABSOLUTE
    ../clib/microlib/init/entry.s            0x00000000   Number         0  entry12a.o ABSOLUTE
    ../clib/microlib/init/entry.s            0x00000000   Number         0  entry11b.o ABSOLUTE
    ../clib/microlib/init/entry.s            0x00000000   Number         0  entry11a.o ABSOLUTE
    ../clib/microlib/init/entry.s            0x00000000   Number         0  entry10b.o ABSOLUTE
    ../clib/microlib/init/entry.s            0x00000000   Number         0  entry10a.o ABSOLUTE
    ../clib/microlib/init/entry.s            0x00000000   Number         0  entry7a.o ABSOLUTE
    ../clib/microlib/init/entry.s            0x00000000   Number         0  entry7b.o ABSOLUTE
    ../clib/microlib/init/entry.s            0x00000000   Number         0  entry8a.o ABSOLUTE
    ../clib/microlib/init/entry.s            0x00000000   Number         0  entry8b.o ABSOLUTE
    ../clib/microlib/init/entry.s            0x00000000   Number         0  entry.o ABSOLUTE
    ../clib/microlib/init/entry.s            0x00000000   Number         0  entry9a.o ABSOLUTE
    ../clib/microlib/init/entry.s            0x00000000   Number         0  entry2.o ABSOLUTE
    ../clib/microlib/init/entry.s            0x00000000   Number         0  entry5.o ABSOLUTE
    ../clib/microlib/init/entry.s            0x00000000   Number         0  entry9b.o ABSOLUTE
    ../clib/microlib/longlong.c              0x00000000   Number         0  llushr.o ABSOLUTE
    ../clib/microlib/longlong.c              0x00000000   Number         0  llshl.o ABSOLUTE
    ../clib/microlib/longlong.c              0x00000000   Number         0  llsshr.o ABSOLUTE
    ../clib/microlib/printf/printf.c         0x00000000   Number         0  printf2.o ABSOLUTE
    ../clib/microlib/printf/printf.c         0x00000000   Number         0  printf5.o ABSOLUTE
    ../clib/microlib/printf/printf.c         0x00000000   Number         0  printf0.o ABSOLUTE
    ../clib/microlib/printf/printf.c         0x00000000   Number         0  printf6.o ABSOLUTE
    ../clib/microlib/printf/printf.c         0x00000000   Number         0  printf4.o ABSOLUTE
    ../clib/microlib/printf/printf.c         0x00000000   Number         0  printf7.o ABSOLUTE
    ../clib/microlib/printf/printf.c         0x00000000   Number         0  printf8.o ABSOLUTE
    ../clib/microlib/printf/printf.c         0x00000000   Number         0  printfa.o ABSOLUTE
    ../clib/microlib/printf/printf.c         0x00000000   Number         0  printf3.o ABSOLUTE
    ../clib/microlib/printf/printf.c         0x00000000   Number         0  printf1.o ABSOLUTE
    ../clib/microlib/printf/printf.c         0x00000000   Number         0  printfb.o ABSOLUTE
    ../clib/microlib/printf/stubs.s          0x00000000   Number         0  stubs.o ABSOLUTE
    ../clib/microlib/stdio/fflush.c          0x00000000   Number         0  fflush.o ABSOLUTE
    ../clib/microlib/stdio/fputc.c           0x00000000   Number         0  fputc.o ABSOLUTE
    ../clib/microlib/stdio/semi.s            0x00000000   Number         0  semi.o ABSOLUTE
    ../clib/microlib/stdio/streams.c         0x00000000   Number         0  stdout.o ABSOLUTE
    ../clib/microlib/string/memset.c         0x00000000   Number         0  memseta.o ABSOLUTE
    ../clib/microlib/stubs.s                 0x00000000   Number         0  iusesemip.o ABSOLUTE
    ../clib/microlib/stubs.s                 0x00000000   Number         0  iusefp.o ABSOLUTE
    ../fplib/microlib/fpadd.c                0x00000000   Number         0  dadd.o ABSOLUTE
    ../fplib/microlib/fpdiv.c                0x00000000   Number         0  ddiv.o ABSOLUTE
    ../fplib/microlib/fpepilogue.c           0x00000000   Number         0  depilogue.o ABSOLUTE
    ../fplib/microlib/fpfix.c                0x00000000   Number         0  dfixui.o ABSOLUTE
    ../fplib/microlib/fpfix.c                0x00000000   Number         0  dfixul.o ABSOLUTE
    ../fplib/microlib/fpflt.c                0x00000000   Number         0  dfltui.o ABSOLUTE
    ../fplib/microlib/fpmul.c                0x00000000   Number         0  dmul.o ABSOLUTE
    ..\Core\Src\fatfs_sd.c                   0x00000000   Number         0  fatfs_sd.o ABSOLUTE
    ..\Core\Src\gpio.c                       0x00000000   Number         0  gpio.o ABSOLUTE
    ..\Core\Src\main.c                       0x00000000   Number         0  main.o ABSOLUTE
    ..\Core\Src\spi.c                        0x00000000   Number         0  spi.o ABSOLUTE
    ..\Core\Src\stm32f4xx_hal_msp.c          0x00000000   Number         0  stm32f4xx_hal_msp.o ABSOLUTE
    ..\Core\Src\stm32f4xx_it.c               0x00000000   Number         0  stm32f4xx_it.o ABSOLUTE
    ..\Core\Src\system_stm32f4xx.c           0x00000000   Number         0  system_stm32f4xx.o ABSOLUTE
    ..\Drivers\STM32F4xx_HAL_Driver\Src\stm32f4xx_hal.c 0x00000000   Number         0  stm32f4xx_hal.o ABSOLUTE
    ..\Drivers\STM32F4xx_HAL_Driver\Src\stm32f4xx_hal_cortex.c 0x00000000   Number         0  stm32f4xx_hal_cortex.o ABSOLUTE
    ..\Drivers\STM32F4xx_HAL_Driver\Src\stm32f4xx_hal_dma.c 0x00000000   Number         0  stm32f4xx_hal_dma.o ABSOLUTE
    ..\Drivers\STM32F4xx_HAL_Driver\Src\stm32f4xx_hal_dma_ex.c 0x00000000   Number         0  stm32f4xx_hal_dma_ex.o ABSOLUTE
    ..\Drivers\STM32F4xx_HAL_Driver\Src\stm32f4xx_hal_exti.c 0x00000000   Number         0  stm32f4xx_hal_exti.o ABSOLUTE
    ..\Drivers\STM32F4xx_HAL_Driver\Src\stm32f4xx_hal_flash.c 0x00000000   Number         0  stm32f4xx_hal_flash.o ABSOLUTE
    ..\Drivers\STM32F4xx_HAL_Driver\Src\stm32f4xx_hal_flash_ex.c 0x00000000   Number         0  stm32f4xx_hal_flash_ex.o ABSOLUTE
    ..\Drivers\STM32F4xx_HAL_Driver\Src\stm32f4xx_hal_flash_ramfunc.c 0x00000000   Number         0  stm32f4xx_hal_flash_ramfunc.o ABSOLUTE
    ..\Drivers\STM32F4xx_HAL_Driver\Src\stm32f4xx_hal_gpio.c 0x00000000   Number         0  stm32f4xx_hal_gpio.o ABSOLUTE
    ..\Drivers\STM32F4xx_HAL_Driver\Src\stm32f4xx_hal_pwr.c 0x00000000   Number         0  stm32f4xx_hal_pwr.o ABSOLUTE
    ..\Drivers\STM32F4xx_HAL_Driver\Src\stm32f4xx_hal_pwr_ex.c 0x00000000   Number         0  stm32f4xx_hal_pwr_ex.o ABSOLUTE
    ..\Drivers\STM32F4xx_HAL_Driver\Src\stm32f4xx_hal_rcc.c 0x00000000   Number         0  stm32f4xx_hal_rcc.o ABSOLUTE
    ..\Drivers\STM32F4xx_HAL_Driver\Src\stm32f4xx_hal_rcc_ex.c 0x00000000   Number         0  stm32f4xx_hal_rcc_ex.o ABSOLUTE
    ..\Drivers\STM32F4xx_HAL_Driver\Src\stm32f4xx_hal_spi.c 0x00000000   Number         0  stm32f4xx_hal_spi.o ABSOLUTE
    ..\Drivers\STM32F4xx_HAL_Driver\Src\stm32f4xx_hal_tim.c 0x00000000   Number         0  stm32f4xx_hal_tim.o ABSOLUTE
    ..\Drivers\STM32F4xx_HAL_Driver\Src\stm32f4xx_hal_tim_ex.c 0x00000000   Number         0  stm32f4xx_hal_tim_ex.o ABSOLUTE
    ..\FATFS\App\fatfs.c                     0x00000000   Number         0  fatfs.o ABSOLUTE
    ..\FATFS\Target\user_diskio.c            0x00000000   Number         0  user_diskio_1.o ABSOLUTE
    ..\Middlewares\Third_Party\FatFs\src\diskio.c 0x00000000   Number         0  diskio.o ABSOLUTE
    ..\Middlewares\Third_Party\FatFs\src\ff.c 0x00000000   Number         0  ff.o ABSOLUTE
    ..\Middlewares\Third_Party\FatFs\src\ff_gen_drv.c 0x00000000   Number         0  ff_gen_drv.o ABSOLUTE
    ..\Middlewares\Third_Party\FatFs\src\option\ccsbcs.c 0x00000000   Number         0  ccsbcs.o ABSOLUTE
    ..\Middlewares\Third_Party\FatFs\src\option\syscall.c 0x00000000   Number         0  syscall.o ABSOLUTE
    ..\\Core\\Src\\fatfs_sd.c                0x00000000   Number         0  fatfs_sd.o ABSOLUTE
    cdrcmple.s                               0x00000000   Number         0  cdrcmple.o ABSOLUTE
    dc.s                                     0x00000000   Number         0  dc.o ABSOLUTE
    handlers.s                               0x00000000   Number         0  handlers.o ABSOLUTE
    init.s                                   0x00000000   Number         0  init.o ABSOLUTE
    startup_stm32f401xe.s                    0x00000000   Number         0  startup_stm32f401xe.o ABSOLUTE
    RESET                                    0x08000000   Section      404  startup_stm32f401xe.o(RESET)
    .ARM.Collect$$$$00000000                 0x08000194   Section        0  entry.o(.ARM.Collect$$$$00000000)
    .ARM.Collect$$$$00000001                 0x08000194   Section        4  entry2.o(.ARM.Collect$$$$00000001)
    .ARM.Collect$$$$00000004                 0x08000198   Section        4  entry5.o(.ARM.Collect$$$$00000004)
    .ARM.Collect$$$$00000008                 0x0800019c   Section        0  entry7b.o(.ARM.Collect$$$$00000008)
    .ARM.Collect$$$$0000000A                 0x0800019c   Section        0  entry8b.o(.ARM.Collect$$$$0000000A)
    .ARM.Collect$$$$0000000B                 0x0800019c   Section        8  entry9a.o(.ARM.Collect$$$$0000000B)
    .ARM.Collect$$$$0000000E                 0x080001a4   Section        4  entry12b.o(.ARM.Collect$$$$0000000E)
    .ARM.Collect$$$$0000000F                 0x080001a8   Section        0  entry10a.o(.ARM.Collect$$$$0000000F)
    .ARM.Collect$$$$00000011                 0x080001a8   Section        0  entry11a.o(.ARM.Collect$$$$00000011)
    .ARM.Collect$$$$00002712                 0x080001a8   Section        4  entry2.o(.ARM.Collect$$$$00002712)
    __lit__00000000                          0x080001a8   Data           4  entry2.o(.ARM.Collect$$$$00002712)
    .text                                    0x080001ac   Section       36  startup_stm32f401xe.o(.text)
    $v0                                      0x080001ac   Number         0  startup_stm32f401xe.o(.text)
    .text                                    0x080001d0   Section        0  uldiv.o(.text)
    .text                                    0x08000232   Section        0  memseta.o(.text)
    .text                                    0x08000256   Section        0  dmul.o(.text)
    .text                                    0x0800033a   Section        0  dfltui.o(.text)
    .text                                    0x08000354   Section        0  dfixui.o(.text)
    .text                                    0x08000386   Section        0  llshl.o(.text)
    .text                                    0x080003a4   Section        0  llushr.o(.text)
    .text                                    0x080003c4   Section        0  depilogue.o(.text)
    .text                                    0x080003c4   Section        0  iusefp.o(.text)
    .text                                    0x08000480   Section       36  init.o(.text)
    .text                                    0x080004a4   Section        0  semi.o(.text)
    .text                                    0x080004a4   Section        0  iusesemip.o(.text)
    i.BusFault_Handler                       0x080004a4   Section        0  stm32f4xx_it.o(i.BusFault_Handler)
    i.DebugMon_Handler                       0x080004a6   Section        0  stm32f4xx_it.o(i.DebugMon_Handler)
    i.FATFS_LinkDriver                       0x080004a8   Section        0  ff_gen_drv.o(i.FATFS_LinkDriver)
    i.FATFS_LinkDriverEx                     0x080004b0   Section        0  ff_gen_drv.o(i.FATFS_LinkDriverEx)
    i.HAL_Delay                              0x080004f0   Section        0  stm32f4xx_hal.o(i.HAL_Delay)
    i.HAL_GPIO_Init                          0x08000514   Section        0  stm32f4xx_hal_gpio.o(i.HAL_GPIO_Init)
    i.HAL_GPIO_WritePin                      0x080006f4   Section        0  stm32f4xx_hal_gpio.o(i.HAL_GPIO_WritePin)
    i.HAL_GetTick                            0x08000700   Section        0  stm32f4xx_hal.o(i.HAL_GetTick)
    i.HAL_IncTick                            0x0800070c   Section        0  stm32f4xx_hal.o(i.HAL_IncTick)
    i.HAL_Init                               0x0800071c   Section        0  stm32f4xx_hal.o(i.HAL_Init)
    i.HAL_InitTick                           0x08000750   Section        0  stm32f4xx_hal.o(i.HAL_InitTick)
    i.HAL_MspInit                            0x08000790   Section        0  stm32f4xx_hal_msp.o(i.HAL_MspInit)
    i.HAL_NVIC_SetPriority                   0x080007c0   Section        0  stm32f4xx_hal_cortex.o(i.HAL_NVIC_SetPriority)
    i.HAL_NVIC_SetPriorityGrouping           0x08000800   Section        0  stm32f4xx_hal_cortex.o(i.HAL_NVIC_SetPriorityGrouping)
    i.HAL_RCC_ClockConfig                    0x08000824   Section        0  stm32f4xx_hal_rcc.o(i.HAL_RCC_ClockConfig)
    i.HAL_RCC_GetSysClockFreq                0x08000958   Section        0  stm32f4xx_hal_rcc.o(i.HAL_RCC_GetSysClockFreq)
    i.HAL_RCC_OscConfig                      0x080009bc   Section        0  stm32f4xx_hal_rcc.o(i.HAL_RCC_OscConfig)
    i.HAL_SPI_AbortCpltCallback              0x08000d28   Section        0  stm32f4xx_hal_spi.o(i.HAL_SPI_AbortCpltCallback)
    i.HAL_SPI_ErrorCallback                  0x08000d2a   Section        0  stm32f4xx_hal_spi.o(i.HAL_SPI_ErrorCallback)
    i.HAL_SPI_Init                           0x08000d2c   Section        0  stm32f4xx_hal_spi.o(i.HAL_SPI_Init)
    i.HAL_SPI_MspInit                        0x08000e34   Section        0  spi.o(i.HAL_SPI_MspInit)
    i.HAL_SPI_RxCpltCallback                 0x08000e9c   Section        0  stm32f4xx_hal_spi.o(i.HAL_SPI_RxCpltCallback)
    i.HAL_SPI_RxHalfCpltCallback             0x08000e9e   Section        0  stm32f4xx_hal_spi.o(i.HAL_SPI_RxHalfCpltCallback)
    i.HAL_SPI_TxCpltCallback                 0x08000ea0   Section        0  stm32f4xx_hal_spi.o(i.HAL_SPI_TxCpltCallback)
    i.HAL_SPI_TxHalfCpltCallback             0x08000ea2   Section        0  stm32f4xx_hal_spi.o(i.HAL_SPI_TxHalfCpltCallback)
    i.HAL_SPI_TxRxCpltCallback               0x08000ea4   Section        0  stm32f4xx_hal_spi.o(i.HAL_SPI_TxRxCpltCallback)
    i.HAL_SPI_TxRxHalfCpltCallback           0x08000ea6   Section        0  stm32f4xx_hal_spi.o(i.HAL_SPI_TxRxHalfCpltCallback)
    i.HAL_SYSTICK_Config                     0x08000ea8   Section        0  stm32f4xx_hal_cortex.o(i.HAL_SYSTICK_Config)
    i.HardFault_Handler                      0x08000ed0   Section        0  stm32f4xx_it.o(i.HardFault_Handler)
    i.MX_FATFS_Init                          0x08000ed4   Section        0  fatfs.o(i.MX_FATFS_Init)
    i.MX_GPIO_Init                           0x08000ef0   Section        0  gpio.o(i.MX_GPIO_Init)
    i.MX_SPI1_Init                           0x08000f3c   Section        0  spi.o(i.MX_SPI1_Init)
    i.MemManage_Handler                      0x08000f98   Section        0  stm32f4xx_it.o(i.MemManage_Handler)
    i.NMI_Handler                            0x08000f9a   Section        0  stm32f4xx_it.o(i.NMI_Handler)
    i.PendSV_Handler                         0x08000f9c   Section        0  stm32f4xx_it.o(i.PendSV_Handler)
    i.SDTimer_Handler                        0x08000fa0   Section        0  stm32f4xx_it.o(i.SDTimer_Handler)
    i.SVC_Handler                            0x08000fc0   Section        0  stm32f4xx_it.o(i.SVC_Handler)
    i.SysTick_Handler                        0x08000fc4   Section        0  stm32f4xx_it.o(i.SysTick_Handler)
    i.SystemClock_Config                     0x08000fe8   Section        0  main.o(i.SystemClock_Config)
    i.SystemInit                             0x0800107c   Section        0  system_stm32f4xx.o(i.SystemInit)
    i.USER_initialize                        0x0800108c   Section        0  user_diskio_1.o(i.USER_initialize)
    i.USER_ioctl                             0x0800109c   Section        0  user_diskio_1.o(i.USER_ioctl)
    i.USER_read                              0x080010a0   Section        0  user_diskio_1.o(i.USER_read)
    i.USER_status                            0x080010a4   Section        0  user_diskio_1.o(i.USER_status)
    i.USER_write                             0x080010b4   Section        0  user_diskio_1.o(i.USER_write)
    i.UsageFault_Handler                     0x080010b8   Section        0  stm32f4xx_it.o(i.UsageFault_Handler)
    i._Error_Handler                         0x080010ba   Section        0  main.o(i._Error_Handler)
    i.__0printf$2                            0x080010c0   Section        0  printf2.o(i.__0printf$2)
    i.__NVIC_SetPriority                     0x080010e0   Section        0  stm32f4xx_hal_cortex.o(i.__NVIC_SetPriority)
    __NVIC_SetPriority                       0x080010e1   Thumb Code    32  stm32f4xx_hal_cortex.o(i.__NVIC_SetPriority)
    i.__scatterload_copy                     0x08001100   Section       14  handlers.o(i.__scatterload_copy)
    i.__scatterload_null                     0x0800110e   Section        2  handlers.o(i.__scatterload_null)
    i.__scatterload_zeroinit                 0x08001110   Section       14  handlers.o(i.__scatterload_zeroinit)
    i._printf_core                           0x0800111e   Section        0  printf2.o(i._printf_core)
    _printf_core                             0x0800111f   Thumb Code   214  printf2.o(i._printf_core)
    i.check_fs                               0x080011f4   Section        0  ff.o(i.check_fs)
    check_fs                                 0x080011f5   Thumb Code   102  ff.o(i.check_fs)
    i.chk_chr                                0x08001264   Section        0  ff.o(i.chk_chr)
    chk_chr                                  0x08001265   Thumb Code    16  ff.o(i.chk_chr)
    i.chk_lock                               0x08001274   Section        0  ff.o(i.chk_lock)
    chk_lock                                 0x08001275   Thumb Code    86  ff.o(i.chk_lock)
    i.clear_lock                             0x080012d0   Section        0  ff.o(i.clear_lock)
    clear_lock                               0x080012d1   Thumb Code    28  ff.o(i.clear_lock)
    i.clmt_clust                             0x080012f0   Section        0  ff.o(i.clmt_clust)
    clmt_clust                               0x080012f1   Thumb Code    38  ff.o(i.clmt_clust)
    i.clust2sect                             0x08001316   Section        0  ff.o(i.clust2sect)
    clust2sect                               0x08001317   Thumb Code    24  ff.o(i.clust2sect)
    i.cmp_lfn                                0x08001330   Section        0  ff.o(i.cmp_lfn)
    cmp_lfn                                  0x08001331   Thumb Code   124  ff.o(i.cmp_lfn)
    i.create_chain                           0x080013b0   Section        0  ff.o(i.create_chain)
    create_chain                             0x080013b1   Thumb Code   164  ff.o(i.create_chain)
    i.create_name                            0x08001454   Section        0  ff.o(i.create_name)
    create_name                              0x08001455   Thumb Code   494  ff.o(i.create_name)
    i.dec_lock                               0x0800165c   Section        0  ff.o(i.dec_lock)
    dec_lock                                 0x0800165d   Thumb Code    48  ff.o(i.dec_lock)
    i.dir_find                               0x08001690   Section        0  ff.o(i.dir_find)
    dir_find                                 0x08001691   Thumb Code   208  ff.o(i.dir_find)
    i.dir_next                               0x08001760   Section        0  ff.o(i.dir_next)
    dir_next                                 0x08001761   Thumb Code   258  ff.o(i.dir_next)
    i.dir_register                           0x08001864   Section        0  ff.o(i.dir_register)
    dir_register                             0x08001865   Thumb Code   480  ff.o(i.dir_register)
    i.dir_sdi                                0x08001a48   Section        0  ff.o(i.dir_sdi)
    dir_sdi                                  0x08001a49   Thumb Code   142  ff.o(i.dir_sdi)
    i.disk_initialize                        0x08001ad8   Section        0  diskio.o(i.disk_initialize)
    i.disk_ioctl                             0x08001b00   Section        0  diskio.o(i.disk_ioctl)
    i.disk_read                              0x08001b1c   Section        0  diskio.o(i.disk_read)
    i.disk_status                            0x08001b38   Section        0  diskio.o(i.disk_status)
    i.disk_write                             0x08001b50   Section        0  diskio.o(i.disk_write)
    i.f_close                                0x08001b6c   Section        0  ff.o(i.f_close)
    i.f_getfree                              0x08001b94   Section        0  ff.o(i.f_getfree)
    i.f_gets                                 0x08001c68   Section        0  ff.o(i.f_gets)
    i.f_mount                                0x08001cb0   Section        0  ff.o(i.f_mount)
    i.f_open                                 0x08001d08   Section        0  ff.o(i.f_open)
    i.f_puts                                 0x08001f24   Section        0  ff.o(i.f_puts)
    i.f_read                                 0x08001f4a   Section        0  ff.o(i.f_read)
    i.f_sync                                 0x080020c0   Section        0  ff.o(i.f_sync)
    i.f_write                                0x0800214e   Section        0  ff.o(i.f_write)
    i.ff_convert                             0x08002300   Section        0  ccsbcs.o(i.ff_convert)
    i.ff_wtoupper                            0x08002338   Section        0  ccsbcs.o(i.ff_wtoupper)
    i.find_volume                            0x080023b8   Section        0  ff.o(i.find_volume)
    find_volume                              0x080023b9   Thumb Code   640  ff.o(i.find_volume)
    i.follow_path                            0x08002648   Section        0  ff.o(i.follow_path)
    follow_path                              0x08002649   Thumb Code   122  ff.o(i.follow_path)
    i.fputc                                  0x080026c2   Section        0  fputc.o(i.fputc)
    i.gen_numname                            0x080026d4   Section        0  ff.o(i.gen_numname)
    gen_numname                              0x080026d5   Thumb Code   122  ff.o(i.gen_numname)
    i.get_fat                                0x08002754   Section        0  ff.o(i.get_fat)
    get_fat                                  0x08002755   Thumb Code   232  ff.o(i.get_fat)
    i.get_fattime                            0x0800283c   Section        0  fatfs.o(i.get_fattime)
    i.get_ldnumber                           0x08002840   Section        0  ff.o(i.get_ldnumber)
    get_ldnumber                             0x08002841   Thumb Code    60  ff.o(i.get_ldnumber)
    i.inc_lock                               0x0800287c   Section        0  ff.o(i.inc_lock)
    inc_lock                                 0x0800287d   Thumb Code   124  ff.o(i.inc_lock)
    i.ld_clust                               0x080028fc   Section        0  ff.o(i.ld_clust)
    ld_clust                                 0x080028fd   Thumb Code    38  ff.o(i.ld_clust)
    i.ld_dword                               0x08002922   Section        0  ff.o(i.ld_dword)
    ld_dword                                 0x08002923   Thumb Code    22  ff.o(i.ld_dword)
    i.ld_word                                0x08002938   Section        0  ff.o(i.ld_word)
    ld_word                                  0x08002939   Thumb Code    10  ff.o(i.ld_word)
    i.main                                   0x08002944   Section        0  main.o(i.main)
    i.mem_cpy                                0x08002aa4   Section        0  ff.o(i.mem_cpy)
    mem_cpy                                  0x08002aa5   Thumb Code    18  ff.o(i.mem_cpy)
    i.mem_set                                0x08002ab8   Section        0  ff.o(i.mem_set)
    mem_set                                  0x08002ab9   Thumb Code    14  ff.o(i.mem_set)
    i.move_window                            0x08002ac6   Section        0  ff.o(i.move_window)
    move_window                              0x08002ac7   Thumb Code    50  ff.o(i.move_window)
    i.put_fat                                0x08002af8   Section        0  ff.o(i.put_fat)
    put_fat                                  0x08002af9   Thumb Code   292  ff.o(i.put_fat)
    i.putc_bfd                               0x08002c1c   Section        0  ff.o(i.putc_bfd)
    putc_bfd                                 0x08002c1d   Thumb Code    70  ff.o(i.putc_bfd)
    i.putc_flush                             0x08002c62   Section        0  ff.o(i.putc_flush)
    putc_flush                               0x08002c63   Thumb Code    42  ff.o(i.putc_flush)
    i.remove_chain                           0x08002c8c   Section        0  ff.o(i.remove_chain)
    remove_chain                             0x08002c8d   Thumb Code   116  ff.o(i.remove_chain)
    i.st_clust                               0x08002d00   Section        0  ff.o(i.st_clust)
    st_clust                                 0x08002d01   Thumb Code    40  ff.o(i.st_clust)
    i.st_dword                               0x08002d28   Section        0  ff.o(i.st_dword)
    st_dword                                 0x08002d29   Thumb Code    16  ff.o(i.st_dword)
    i.st_word                                0x08002d38   Section        0  ff.o(i.st_word)
    st_word                                  0x08002d39   Thumb Code     8  ff.o(i.st_word)
    i.sum_sfn                                0x08002d40   Section        0  ff.o(i.sum_sfn)
    sum_sfn                                  0x08002d41   Thumb Code    26  ff.o(i.sum_sfn)
    i.sync_fs                                0x08002d5c   Section        0  ff.o(i.sync_fs)
    sync_fs                                  0x08002d5d   Thumb Code   126  ff.o(i.sync_fs)
    i.sync_window                            0x08002de4   Section        0  ff.o(i.sync_window)
    sync_window                              0x08002de5   Thumb Code    82  ff.o(i.sync_window)
    i.validate                               0x08002e36   Section        0  ff.o(i.validate)
    validate                                 0x08002e37   Thumb Code    52  ff.o(i.validate)
    .constdata                               0x08002e6a   Section       16  system_stm32f4xx.o(.constdata)
    .constdata                               0x08002e7a   Section      170  ff.o(.constdata)
    ExCvt                                    0x08002e7a   Data         128  ff.o(.constdata)
    LfnOfs                                   0x08002efa   Data          13  ff.o(.constdata)
    cst                                      0x08002f08   Data          14  ff.o(.constdata)
    cst32                                    0x08002f16   Data          14  ff.o(.constdata)
    .constdata                               0x08002f24   Section      942  ccsbcs.o(.constdata)
    Tbl                                      0x08002f24   Data         256  ccsbcs.o(.constdata)
    cvt1                                     0x08003024   Data         498  ccsbcs.o(.constdata)
    cvt2                                     0x08003216   Data         188  ccsbcs.o(.constdata)
    .data                                    0x20000000   Section        8  fatfs_sd.o(.data)
    Stat                                     0x20000000   Data           1  fatfs_sd.o(.data)
    PowerFlag                                0x20000001   Data           1  fatfs_sd.o(.data)
    CardType                                 0x20000002   Data           1  fatfs_sd.o(.data)
    .data                                    0x20000008   Section       16  main.o(.data)
    .data                                    0x20000018   Section        1  stm32f4xx_it.o(.data)
    .data                                    0x20000019   Section        5  fatfs.o(.data)
    .data                                    0x20000020   Section       12  stm32f4xx_hal.o(.data)
    .data                                    0x2000002c   Section        4  system_stm32f4xx.o(.data)
    .data                                    0x20000030   Section        8  ff.o(.data)
    Fsid                                     0x20000030   Data           2  ff.o(.data)
    FatFs                                    0x20000034   Data           4  ff.o(.data)
    .data                                    0x20000038   Section        1  user_diskio_1.o(.data)
    Stat                                     0x20000038   Data           1  user_diskio_1.o(.data)
    .data                                    0x2000003c   Section       20  user_diskio_1.o(.data)
    .data                                    0x20000050   Section        4  stdout.o(.data)
    .bss                                     0x20000054   Section     8396  main.o(.bss)
    .bss                                     0x20002120   Section      128  spi.o(.bss)
    .bss                                     0x200021a0   Section      544  ff.o(.bss)
    Files                                    0x200021a0   Data          32  ff.o(.bss)
    LfnBuf                                   0x200021c0   Data         512  ff.o(.bss)
    .bss                                     0x200023c0   Section       12  ff_gen_drv.o(.bss)
    STACK                                    0x200023d0   Section     1024  startup_stm32f401xe.o(STACK)

    Global Symbols

    Symbol Name                              Value     Ov Type        Size  Object(Section)

    BuildAttributes$$THM_ISAv4$E$P$D$K$B$S$7EM$VFPi3$EXTD16$VFPS$VFMA$PE$A:L22UL41UL21$X:L11$S22US41US21$IEEE1$IW$USESV6$~STKCKD$USESV7$~SHL$OSPACE$ROPI$EBA8$MICROLIB$REQ8$PRES8$EABIv2 0x00000000   Number         0  anon$$obj.o ABSOLUTE
    __ARM_use_no_argv                        0x00000000   Number         0  main.o ABSOLUTE
    _printf_a                                0x00000000   Number         0  stubs.o ABSOLUTE
    _printf_c                                0x00000000   Number         0  stubs.o ABSOLUTE
    _printf_charcount                        0x00000000   Number         0  stubs.o ABSOLUTE
    _printf_d                                0x00000000   Number         0  stubs.o ABSOLUTE
    _printf_e                                0x00000000   Number         0  stubs.o ABSOLUTE
    _printf_f                                0x00000000   Number         0  stubs.o ABSOLUTE
    _printf_flags                            0x00000000   Number         0  stubs.o ABSOLUTE
    _printf_fp_dec                           0x00000000   Number         0  stubs.o ABSOLUTE
    _printf_fp_hex                           0x00000000   Number         0  stubs.o ABSOLUTE
    _printf_g                                0x00000000   Number         0  stubs.o ABSOLUTE
    _printf_i                                0x00000000   Number         0  stubs.o ABSOLUTE
    _printf_int_dec                          0x00000000   Number         0  stubs.o ABSOLUTE
    _printf_l                                0x00000000   Number         0  stubs.o ABSOLUTE
    _printf_lc                               0x00000000   Number         0  stubs.o ABSOLUTE
    _printf_ll                               0x00000000   Number         0  stubs.o ABSOLUTE
    _printf_lld                              0x00000000   Number         0  stubs.o ABSOLUTE
    _printf_lli                              0x00000000   Number         0  stubs.o ABSOLUTE
    _printf_llo                              0x00000000   Number         0  stubs.o ABSOLUTE
    _printf_llu                              0x00000000   Number         0  stubs.o ABSOLUTE
    _printf_llx                              0x00000000   Number         0  stubs.o ABSOLUTE
    _printf_longlong_dec                     0x00000000   Number         0  stubs.o ABSOLUTE
    _printf_longlong_hex                     0x00000000   Number         0  stubs.o ABSOLUTE
    _printf_longlong_oct                     0x00000000   Number         0  stubs.o ABSOLUTE
    _printf_ls                               0x00000000   Number         0  stubs.o ABSOLUTE
    _printf_mbtowc                           0x00000000   Number         0  stubs.o ABSOLUTE
    _printf_n                                0x00000000   Number         0  stubs.o ABSOLUTE
    _printf_o                                0x00000000   Number         0  stubs.o ABSOLUTE
    _printf_p                                0x00000000   Number         0  stubs.o ABSOLUTE
    _printf_percent                          0x00000000   Number         0  stubs.o ABSOLUTE
    _printf_pre_padding                      0x00000000   Number         0  stubs.o ABSOLUTE
    _printf_return_value                     0x00000000   Number         0  stubs.o ABSOLUTE
    _printf_s                                0x00000000   Number         0  stubs.o ABSOLUTE
    _printf_sizespec                         0x00000000   Number         0  stubs.o ABSOLUTE
    _printf_str                              0x00000000   Number         0  stubs.o ABSOLUTE
    _printf_truncate_signed                  0x00000000   Number         0  stubs.o ABSOLUTE
    _printf_truncate_unsigned                0x00000000   Number         0  stubs.o ABSOLUTE
    _printf_u                                0x00000000   Number         0  stubs.o ABSOLUTE
    _printf_wc                               0x00000000   Number         0  stubs.o ABSOLUTE
    _printf_wctomb                           0x00000000   Number         0  stubs.o ABSOLUTE
    _printf_widthprec                        0x00000000   Number         0  stubs.o ABSOLUTE
    _printf_x                                0x00000000   Number         0  stubs.o ABSOLUTE
    __arm_fini_                               - Undefined Weak Reference
    __cpp_initialize__aeabi_                  - Undefined Weak Reference
    __cxa_finalize                            - Undefined Weak Reference
    __decompress                              - Undefined Weak Reference
    _clock_init                               - Undefined Weak Reference
    _microlib_exit                            - Undefined Weak Reference
    __Vectors_Size                           0x00000194   Number         0  startup_stm32f401xe.o ABSOLUTE
    __Vectors                                0x08000000   Data           4  startup_stm32f401xe.o(RESET)
    __Vectors_End                            0x08000194   Data           0  startup_stm32f401xe.o(RESET)
    __main                                   0x08000195   Thumb Code     0  entry.o(.ARM.Collect$$$$00000000)
    _main_stk                                0x08000195   Thumb Code     0  entry2.o(.ARM.Collect$$$$00000001)
    _main_scatterload                        0x08000199   Thumb Code     0  entry5.o(.ARM.Collect$$$$00000004)
    __main_after_scatterload                 0x0800019d   Thumb Code     0  entry5.o(.ARM.Collect$$$$00000004)
    _main_clock                              0x0800019d   Thumb Code     0  entry7b.o(.ARM.Collect$$$$00000008)
    _main_cpp_init                           0x0800019d   Thumb Code     0  entry8b.o(.ARM.Collect$$$$0000000A)
    _main_init                               0x0800019d   Thumb Code     0  entry9a.o(.ARM.Collect$$$$0000000B)
    __rt_lib_shutdown_fini                   0x080001a5   Thumb Code     0  entry12b.o(.ARM.Collect$$$$0000000E)
    __rt_final_cpp                           0x080001a9   Thumb Code     0  entry10a.o(.ARM.Collect$$$$0000000F)
    __rt_final_exit                          0x080001a9   Thumb Code     0  entry11a.o(.ARM.Collect$$$$00000011)
    Reset_Handler                            0x080001ad   Thumb Code     8  startup_stm32f401xe.o(.text)
    ADC_IRQHandler                           0x080001c7   Thumb Code     0  startup_stm32f401xe.o(.text)
    DMA1_Stream0_IRQHandler                  0x080001c7   Thumb Code     0  startup_stm32f401xe.o(.text)
    DMA1_Stream1_IRQHandler                  0x080001c7   Thumb Code     0  startup_stm32f401xe.o(.text)
    DMA1_Stream2_IRQHandler                  0x080001c7   Thumb Code     0  startup_stm32f401xe.o(.text)
    DMA1_Stream3_IRQHandler                  0x080001c7   Thumb Code     0  startup_stm32f401xe.o(.text)
    DMA1_Stream4_IRQHandler                  0x080001c7   Thumb Code     0  startup_stm32f401xe.o(.text)
    DMA1_Stream5_IRQHandler                  0x080001c7   Thumb Code     0  startup_stm32f401xe.o(.text)
    DMA1_Stream6_IRQHandler                  0x080001c7   Thumb Code     0  startup_stm32f401xe.o(.text)
    DMA1_Stream7_IRQHandler                  0x080001c7   Thumb Code     0  startup_stm32f401xe.o(.text)
    DMA2_Stream0_IRQHandler                  0x080001c7   Thumb Code     0  startup_stm32f401xe.o(.text)
    DMA2_Stream1_IRQHandler                  0x080001c7   Thumb Code     0  startup_stm32f401xe.o(.text)
    DMA2_Stream2_IRQHandler                  0x080001c7   Thumb Code     0  startup_stm32f401xe.o(.text)
    DMA2_Stream3_IRQHandler                  0x080001c7   Thumb Code     0  startup_stm32f401xe.o(.text)
    DMA2_Stream4_IRQHandler                  0x080001c7   Thumb Code     0  startup_stm32f401xe.o(.text)
    DMA2_Stream5_IRQHandler                  0x080001c7   Thumb Code     0  startup_stm32f401xe.o(.text)
    DMA2_Stream6_IRQHandler                  0x080001c7   Thumb Code     0  startup_stm32f401xe.o(.text)
    DMA2_Stream7_IRQHandler                  0x080001c7   Thumb Code     0  startup_stm32f401xe.o(.text)
    EXTI0_IRQHandler                         0x080001c7   Thumb Code     0  startup_stm32f401xe.o(.text)
    EXTI15_10_IRQHandler                     0x080001c7   Thumb Code     0  startup_stm32f401xe.o(.text)
    EXTI1_IRQHandler                         0x080001c7   Thumb Code     0  startup_stm32f401xe.o(.text)
    EXTI2_IRQHandler                         0x080001c7   Thumb Code     0  startup_stm32f401xe.o(.text)
    EXTI3_IRQHandler                         0x080001c7   Thumb Code     0  startup_stm32f401xe.o(.text)
    EXTI4_IRQHandler                         0x080001c7   Thumb Code     0  startup_stm32f401xe.o(.text)
    EXTI9_5_IRQHandler                       0x080001c7   Thumb Code     0  startup_stm32f401xe.o(.text)
    FLASH_IRQHandler                         0x080001c7   Thumb Code     0  startup_stm32f401xe.o(.text)
    FPU_IRQHandler                           0x080001c7   Thumb Code     0  startup_stm32f401xe.o(.text)
    I2C1_ER_IRQHandler                       0x080001c7   Thumb Code     0  startup_stm32f401xe.o(.text)
    I2C1_EV_IRQHandler                       0x080001c7   Thumb Code     0  startup_stm32f401xe.o(.text)
    I2C2_ER_IRQHandler                       0x080001c7   Thumb Code     0  startup_stm32f401xe.o(.text)
    I2C2_EV_IRQHandler                       0x080001c7   Thumb Code     0  startup_stm32f401xe.o(.text)
    I2C3_ER_IRQHandler                       0x080001c7   Thumb Code     0  startup_stm32f401xe.o(.text)
    I2C3_EV_IRQHandler                       0x080001c7   Thumb Code     0  startup_stm32f401xe.o(.text)
    OTG_FS_IRQHandler                        0x080001c7   Thumb Code     0  startup_stm32f401xe.o(.text)
    OTG_FS_WKUP_IRQHandler                   0x080001c7   Thumb Code     0  startup_stm32f401xe.o(.text)
    PVD_IRQHandler                           0x080001c7   Thumb Code     0  startup_stm32f401xe.o(.text)
    RCC_IRQHandler                           0x080001c7   Thumb Code     0  startup_stm32f401xe.o(.text)
    RTC_Alarm_IRQHandler                     0x080001c7   Thumb Code     0  startup_stm32f401xe.o(.text)
    RTC_WKUP_IRQHandler                      0x080001c7   Thumb Code     0  startup_stm32f401xe.o(.text)
    SDIO_IRQHandler                          0x080001c7   Thumb Code     0  startup_stm32f401xe.o(.text)
    SPI1_IRQHandler                          0x080001c7   Thumb Code     0  startup_stm32f401xe.o(.text)
    SPI2_IRQHandler                          0x080001c7   Thumb Code     0  startup_stm32f401xe.o(.text)
    SPI3_IRQHandler                          0x080001c7   Thumb Code     0  startup_stm32f401xe.o(.text)
    SPI4_IRQHandler                          0x080001c7   Thumb Code     0  startup_stm32f401xe.o(.text)
    TAMP_STAMP_IRQHandler                    0x080001c7   Thumb Code     0  startup_stm32f401xe.o(.text)
    TIM1_BRK_TIM9_IRQHandler                 0x080001c7   Thumb Code     0  startup_stm32f401xe.o(.text)
    TIM1_CC_IRQHandler                       0x080001c7   Thumb Code     0  startup_stm32f401xe.o(.text)
    TIM1_TRG_COM_TIM11_IRQHandler            0x080001c7   Thumb Code     0  startup_stm32f401xe.o(.text)
    TIM1_UP_TIM10_IRQHandler                 0x080001c7   Thumb Code     0  startup_stm32f401xe.o(.text)
    TIM2_IRQHandler                          0x080001c7   Thumb Code     0  startup_stm32f401xe.o(.text)
    TIM3_IRQHandler                          0x080001c7   Thumb Code     0  startup_stm32f401xe.o(.text)
    TIM4_IRQHandler                          0x080001c7   Thumb Code     0  startup_stm32f401xe.o(.text)
    TIM5_IRQHandler                          0x080001c7   Thumb Code     0  startup_stm32f401xe.o(.text)
    USART1_IRQHandler                        0x080001c7   Thumb Code     0  startup_stm32f401xe.o(.text)
    USART2_IRQHandler                        0x080001c7   Thumb Code     0  startup_stm32f401xe.o(.text)
    USART6_IRQHandler                        0x080001c7   Thumb Code     0  startup_stm32f401xe.o(.text)
    WWDG_IRQHandler                          0x080001c7   Thumb Code     0  startup_stm32f401xe.o(.text)
    __aeabi_uldivmod                         0x080001d1   Thumb Code    98  uldiv.o(.text)
    __aeabi_memset                           0x08000233   Thumb Code    14  memseta.o(.text)
    __aeabi_memset4                          0x08000233   Thumb Code     0  memseta.o(.text)
    __aeabi_memset8                          0x08000233   Thumb Code     0  memseta.o(.text)
    __aeabi_memclr                           0x08000241   Thumb Code     4  memseta.o(.text)
    __aeabi_memclr4                          0x08000241   Thumb Code     0  memseta.o(.text)
    __aeabi_memclr8                          0x08000241   Thumb Code     0  memseta.o(.text)
    _memset$wrapper                          0x08000245   Thumb Code    18  memseta.o(.text)
    __aeabi_dmul                             0x08000257   Thumb Code   228  dmul.o(.text)
    __aeabi_ui2d                             0x0800033b   Thumb Code    26  dfltui.o(.text)
    __aeabi_d2uiz                            0x08000355   Thumb Code    50  dfixui.o(.text)
    __aeabi_llsl                             0x08000387   Thumb Code    30  llshl.o(.text)
    _ll_shift_l                              0x08000387   Thumb Code     0  llshl.o(.text)
    __aeabi_llsr                             0x080003a5   Thumb Code    32  llushr.o(.text)
    _ll_ushift_r                             0x080003a5   Thumb Code     0  llushr.o(.text)
    __I$use$fp                               0x080003c5   Thumb Code     0  iusefp.o(.text)
    _double_round                            0x080003c5   Thumb Code    30  depilogue.o(.text)
    _double_epilogue                         0x080003e3   Thumb Code   156  depilogue.o(.text)
    __scatterload                            0x08000481   Thumb Code    28  init.o(.text)
    __scatterload_rt2                        0x08000481   Thumb Code     0  init.o(.text)
    BusFault_Handler                         0x080004a5   Thumb Code     2  stm32f4xx_it.o(i.BusFault_Handler)
    __I$use$semihosting$fputc                0x080004a5   Thumb Code     0  iusesemip.o(.text)
    __semihosting_library_function           0x080004a5   Thumb Code     0  semi.o(.text)
    DebugMon_Handler                         0x080004a7   Thumb Code     2  stm32f4xx_it.o(i.DebugMon_Handler)
    FATFS_LinkDriver                         0x080004a9   Thumb Code     6  ff_gen_drv.o(i.FATFS_LinkDriver)
    FATFS_LinkDriverEx                       0x080004b1   Thumb Code    58  ff_gen_drv.o(i.FATFS_LinkDriverEx)
    HAL_Delay                                0x080004f1   Thumb Code    32  stm32f4xx_hal.o(i.HAL_Delay)
    HAL_GPIO_Init                            0x08000515   Thumb Code   446  stm32f4xx_hal_gpio.o(i.HAL_GPIO_Init)
    HAL_GPIO_WritePin                        0x080006f5   Thumb Code    10  stm32f4xx_hal_gpio.o(i.HAL_GPIO_WritePin)
    HAL_GetTick                              0x08000701   Thumb Code     6  stm32f4xx_hal.o(i.HAL_GetTick)
    HAL_IncTick                              0x0800070d   Thumb Code    12  stm32f4xx_hal.o(i.HAL_IncTick)
    HAL_Init                                 0x0800071d   Thumb Code    48  stm32f4xx_hal.o(i.HAL_Init)
    HAL_InitTick                             0x08000751   Thumb Code    54  stm32f4xx_hal.o(i.HAL_InitTick)
    HAL_MspInit                              0x08000791   Thumb Code    42  stm32f4xx_hal_msp.o(i.HAL_MspInit)
    HAL_NVIC_SetPriority                     0x080007c1   Thumb Code    60  stm32f4xx_hal_cortex.o(i.HAL_NVIC_SetPriority)
    HAL_NVIC_SetPriorityGrouping             0x08000801   Thumb Code    26  stm32f4xx_hal_cortex.o(i.HAL_NVIC_SetPriorityGrouping)
    HAL_RCC_ClockConfig                      0x08000825   Thumb Code   288  stm32f4xx_hal_rcc.o(i.HAL_RCC_ClockConfig)
    HAL_RCC_GetSysClockFreq                  0x08000959   Thumb Code    88  stm32f4xx_hal_rcc.o(i.HAL_RCC_GetSysClockFreq)
    HAL_RCC_OscConfig                        0x080009bd   Thumb Code   856  stm32f4xx_hal_rcc.o(i.HAL_RCC_OscConfig)
    HAL_SPI_AbortCpltCallback                0x08000d29   Thumb Code     2  stm32f4xx_hal_spi.o(i.HAL_SPI_AbortCpltCallback)
    HAL_SPI_ErrorCallback                    0x08000d2b   Thumb Code     2  stm32f4xx_hal_spi.o(i.HAL_SPI_ErrorCallback)
    HAL_SPI_Init                             0x08000d2d   Thumb Code   228  stm32f4xx_hal_spi.o(i.HAL_SPI_Init)
    HAL_SPI_MspInit                          0x08000e35   Thumb Code    92  spi.o(i.HAL_SPI_MspInit)
    HAL_SPI_RxCpltCallback                   0x08000e9d   Thumb Code     2  stm32f4xx_hal_spi.o(i.HAL_SPI_RxCpltCallback)
    HAL_SPI_RxHalfCpltCallback               0x08000e9f   Thumb Code     2  stm32f4xx_hal_spi.o(i.HAL_SPI_RxHalfCpltCallback)
    HAL_SPI_TxCpltCallback                   0x08000ea1   Thumb Code     2  stm32f4xx_hal_spi.o(i.HAL_SPI_TxCpltCallback)
    HAL_SPI_TxHalfCpltCallback               0x08000ea3   Thumb Code     2  stm32f4xx_hal_spi.o(i.HAL_SPI_TxHalfCpltCallback)
    HAL_SPI_TxRxCpltCallback                 0x08000ea5   Thumb Code     2  stm32f4xx_hal_spi.o(i.HAL_SPI_TxRxCpltCallback)
    HAL_SPI_TxRxHalfCpltCallback             0x08000ea7   Thumb Code     2  stm32f4xx_hal_spi.o(i.HAL_SPI_TxRxHalfCpltCallback)
    HAL_SYSTICK_Config                       0x08000ea9   Thumb Code    40  stm32f4xx_hal_cortex.o(i.HAL_SYSTICK_Config)
    HardFault_Handler                        0x08000ed1   Thumb Code     2  stm32f4xx_it.o(i.HardFault_Handler)
    MX_FATFS_Init                            0x08000ed5   Thumb Code    18  fatfs.o(i.MX_FATFS_Init)
    MX_GPIO_Init                             0x08000ef1   Thumb Code    68  gpio.o(i.MX_GPIO_Init)
    MX_SPI1_Init                             0x08000f3d   Thumb Code    64  spi.o(i.MX_SPI1_Init)
    MemManage_Handler                        0x08000f99   Thumb Code     2  stm32f4xx_it.o(i.MemManage_Handler)
    NMI_Handler                              0x08000f9b   Thumb Code     2  stm32f4xx_it.o(i.NMI_Handler)
    PendSV_Handler                           0x08000f9d   Thumb Code     2  stm32f4xx_it.o(i.PendSV_Handler)
    SDTimer_Handler                          0x08000fa1   Thumb Code    24  stm32f4xx_it.o(i.SDTimer_Handler)
    SVC_Handler                              0x08000fc1   Thumb Code     2  stm32f4xx_it.o(i.SVC_Handler)
    SysTick_Handler                          0x08000fc5   Thumb Code    32  stm32f4xx_it.o(i.SysTick_Handler)
    SystemClock_Config                       0x08000fe9   Thumb Code   140  main.o(i.SystemClock_Config)
    SystemInit                               0x0800107d   Thumb Code    12  system_stm32f4xx.o(i.SystemInit)
    USER_initialize                          0x0800108d   Thumb Code    10  user_diskio_1.o(i.USER_initialize)
    USER_ioctl                               0x0800109d   Thumb Code     4  user_diskio_1.o(i.USER_ioctl)
    USER_read                                0x080010a1   Thumb Code     4  user_diskio_1.o(i.USER_read)
    USER_status                              0x080010a5   Thumb Code    10  user_diskio_1.o(i.USER_status)
    USER_write                               0x080010b5   Thumb Code     4  user_diskio_1.o(i.USER_write)
    UsageFault_Handler                       0x080010b9   Thumb Code     2  stm32f4xx_it.o(i.UsageFault_Handler)
    _Error_Handler                           0x080010bb   Thumb Code     4  main.o(i._Error_Handler)
    __0printf$2                              0x080010c1   Thumb Code    22  printf2.o(i.__0printf$2)
    __1printf$2                              0x080010c1   Thumb Code     0  printf2.o(i.__0printf$2)
    __2printf                                0x080010c1   Thumb Code     0  printf2.o(i.__0printf$2)
    __scatterload_copy                       0x08001101   Thumb Code    14  handlers.o(i.__scatterload_copy)
    __scatterload_null                       0x0800110f   Thumb Code     2  handlers.o(i.__scatterload_null)
    __scatterload_zeroinit                   0x08001111   Thumb Code    14  handlers.o(i.__scatterload_zeroinit)
    disk_initialize                          0x08001ad9   Thumb Code    36  diskio.o(i.disk_initialize)
    disk_ioctl                               0x08001b01   Thumb Code    24  diskio.o(i.disk_ioctl)
    disk_read                                0x08001b1d   Thumb Code    24  diskio.o(i.disk_read)
    disk_status                              0x08001b39   Thumb Code    18  diskio.o(i.disk_status)
    disk_write                               0x08001b51   Thumb Code    24  diskio.o(i.disk_write)
    f_close                                  0x08001b6d   Thumb Code    40  ff.o(i.f_close)
    f_getfree                                0x08001b95   Thumb Code   212  ff.o(i.f_getfree)
    f_gets                                   0x08001c69   Thumb Code    72  ff.o(i.f_gets)
    f_mount                                  0x08001cb1   Thumb Code    84  ff.o(i.f_mount)
    f_open                                   0x08001d09   Thumb Code   534  ff.o(i.f_open)
    f_puts                                   0x08001f25   Thumb Code    38  ff.o(i.f_puts)
    f_read                                   0x08001f4b   Thumb Code   374  ff.o(i.f_read)
    f_sync                                   0x080020c1   Thumb Code   142  ff.o(i.f_sync)
    f_write                                  0x0800214f   Thumb Code   434  ff.o(i.f_write)
    ff_convert                               0x08002301   Thumb Code    52  ccsbcs.o(i.ff_convert)
    ff_wtoupper                              0x08002339   Thumb Code   120  ccsbcs.o(i.ff_wtoupper)
    fputc                                    0x080026c3   Thumb Code    18  fputc.o(i.fputc)
    get_fattime                              0x0800283d   Thumb Code     4  fatfs.o(i.get_fattime)
    main                                     0x08002945   Thumb Code   246  main.o(i.main)
    AHBPrescTable                            0x08002e6a   Data          16  system_stm32f4xx.o(.constdata)
    Region$$Table$$Base                      0x080032d4   Number         0  anon$$obj.o(Region$$Table)
    Region$$Table$$Limit                     0x080032f4   Number         0  anon$$obj.o(Region$$Table)
    Timer1                                   0x20000004   Data           2  fatfs_sd.o(.data)
    Timer2                                   0x20000006   Data           2  fatfs_sd.o(.data)
    pfs                                      0x20000008   Data           4  main.o(.data)
    fre_clust                                0x2000000c   Data           4  main.o(.data)
    totalSpace                               0x20000010   Data           4  main.o(.data)
    freeSpace                                0x20000014   Data           4  main.o(.data)
    FatFsCnt                                 0x20000018   Data           1  stm32f4xx_it.o(.data)
    retUSER                                  0x20000019   Data           1  fatfs.o(.data)
    USERPath                                 0x2000001a   Data           4  fatfs.o(.data)
    uwTickFreq                               0x20000020   Data           1  stm32f4xx_hal.o(.data)
    uwTickPrio                               0x20000024   Data           4  stm32f4xx_hal.o(.data)
    uwTick                                   0x20000028   Data           4  stm32f4xx_hal.o(.data)
    SystemCoreClock                          0x2000002c   Data           4  system_stm32f4xx.o(.data)
    USER_Driver                              0x2000003c   Data          20  user_diskio_1.o(.data)
    __stdout                                 0x20000050   Data           4  stdout.o(.data)
    fs                                       0x20000054   Data        4152  main.o(.bss)
    fil                                      0x2000108c   Data        4144  main.o(.bss)
    buffer                                   0x200020bc   Data         100  main.o(.bss)
    hspi1                                    0x20002120   Data         128  spi.o(.bss)
    disk                                     0x200023c0   Data          12  ff_gen_drv.o(.bss)
    __initial_sp                             0x200027d0   Data           0  startup_stm32f401xe.o(STACK)



==============================================================================

Memory Map of the image

  Image Entry point : 0x08000195

  Load Region LR_IROM1 (Base: 0x08000000, Size: 0x00003348, Max: 0x00080000, ABSOLUTE)

    Execution Region ER_IROM1 (Exec base: 0x08000000, Load base: 0x08000000, Size: 0x000032f4, Max: 0x00080000, ABSOLUTE)

    Exec Addr    Load Addr    Size         Type   Attr      Idx    E Section Name        Object

    0x08000000   0x08000000   0x00000194   Data   RO            3    RESET               startup_stm32f401xe.o
    0x08000194   0x08000194   0x00000000   Code   RO         2665  * .ARM.Collect$$$$00000000  mc_w.l(entry.o)
    0x08000194   0x08000194   0x00000004   Code   RO         2942    .ARM.Collect$$$$00000001  mc_w.l(entry2.o)
    0x08000198   0x08000198   0x00000004   Code   RO         2945    .ARM.Collect$$$$00000004  mc_w.l(entry5.o)
    0x0800019c   0x0800019c   0x00000000   Code   RO         2947    .ARM.Collect$$$$00000008  mc_w.l(entry7b.o)
    0x0800019c   0x0800019c   0x00000000   Code   RO         2949    .ARM.Collect$$$$0000000A  mc_w.l(entry8b.o)
    0x0800019c   0x0800019c   0x00000008   Code   RO         2950    .ARM.Collect$$$$0000000B  mc_w.l(entry9a.o)
    0x080001a4   0x080001a4   0x00000004   Code   RO         2957    .ARM.Collect$$$$0000000E  mc_w.l(entry12b.o)
    0x080001a8   0x080001a8   0x00000000   Code   RO         2952    .ARM.Collect$$$$0000000F  mc_w.l(entry10a.o)
    0x080001a8   0x080001a8   0x00000000   Code   RO         2954    .ARM.Collect$$$$00000011  mc_w.l(entry11a.o)
    0x080001a8   0x080001a8   0x00000004   Code   RO         2943    .ARM.Collect$$$$00002712  mc_w.l(entry2.o)
    0x080001ac   0x080001ac   0x00000024   Code   RO            4    .text               startup_stm32f401xe.o
    0x080001d0   0x080001d0   0x00000062   Code   RO         2671    .text               mc_w.l(uldiv.o)
    0x08000232   0x08000232   0x00000024   Code   RO         2673    .text               mc_w.l(memseta.o)
    0x08000256   0x08000256   0x000000e4   Code   RO         2936    .text               mf_w.l(dmul.o)
    0x0800033a   0x0800033a   0x0000001a   Code   RO         2938    .text               mf_w.l(dfltui.o)
    0x08000354   0x08000354   0x00000032   Code   RO         2940    .text               mf_w.l(dfixui.o)
    0x08000386   0x08000386   0x0000001e   Code   RO         2962    .text               mc_w.l(llshl.o)
    0x080003a4   0x080003a4   0x00000020   Code   RO         2964    .text               mc_w.l(llushr.o)
    0x080003c4   0x080003c4   0x00000000   Code   RO         2966    .text               mc_w.l(iusefp.o)
    0x080003c4   0x080003c4   0x000000ba   Code   RO         2967    .text               mf_w.l(depilogue.o)
    0x0800047e   0x0800047e   0x00000002   PAD
    0x08000480   0x08000480   0x00000024   Code   RO         2977    .text               mc_w.l(init.o)
    0x080004a4   0x080004a4   0x00000000   Code   RO         2979    .text               mc_w.l(semi.o)
    0x080004a4   0x080004a4   0x00000000   Code   RO         2982    .text               mc_w.l(iusesemip.o)
    0x080004a4   0x080004a4   0x00000002   Code   RO          352    i.BusFault_Handler  stm32f4xx_it.o
    0x080004a6   0x080004a6   0x00000002   Code   RO          353    i.DebugMon_Handler  stm32f4xx_it.o
    0x080004a8   0x080004a8   0x00000006   Code   RO         2501    i.FATFS_LinkDriver  ff_gen_drv.o
    0x080004ae   0x080004ae   0x00000002   PAD
    0x080004b0   0x080004b0   0x00000040   Code   RO         2502    i.FATFS_LinkDriverEx  ff_gen_drv.o
    0x080004f0   0x080004f0   0x00000024   Code   RO         1430    i.HAL_Delay         stm32f4xx_hal.o
    0x08000514   0x08000514   0x000001e0   Code   RO          880    i.HAL_GPIO_Init     stm32f4xx_hal_gpio.o
    0x080006f4   0x080006f4   0x0000000a   Code   RO          884    i.HAL_GPIO_WritePin  stm32f4xx_hal_gpio.o
    0x080006fe   0x080006fe   0x00000002   PAD
    0x08000700   0x08000700   0x0000000c   Code   RO         1436    i.HAL_GetTick       stm32f4xx_hal.o
    0x0800070c   0x0800070c   0x00000010   Code   RO         1442    i.HAL_IncTick       stm32f4xx_hal.o
    0x0800071c   0x0800071c   0x00000034   Code   RO         1443    i.HAL_Init          stm32f4xx_hal.o
    0x08000750   0x08000750   0x00000040   Code   RO         1444    i.HAL_InitTick      stm32f4xx_hal.o
    0x08000790   0x08000790   0x00000030   Code   RO          439    i.HAL_MspInit       stm32f4xx_hal_msp.o
    0x080007c0   0x080007c0   0x00000040   Code   RO         1299    i.HAL_NVIC_SetPriority  stm32f4xx_hal_cortex.o
    0x08000800   0x08000800   0x00000024   Code   RO         1300    i.HAL_NVIC_SetPriorityGrouping  stm32f4xx_hal_cortex.o
    0x08000824   0x08000824   0x00000134   Code   RO          502    i.HAL_RCC_ClockConfig  stm32f4xx_hal_rcc.o
    0x08000958   0x08000958   0x00000064   Code   RO          511    i.HAL_RCC_GetSysClockFreq  stm32f4xx_hal_rcc.o
    0x080009bc   0x080009bc   0x0000036c   Code   RO          514    i.HAL_RCC_OscConfig  stm32f4xx_hal_rcc.o
    0x08000d28   0x08000d28   0x00000002   Code   RO         1682    i.HAL_SPI_AbortCpltCallback  stm32f4xx_hal_spi.o
    0x08000d2a   0x08000d2a   0x00000002   Code   RO         1688    i.HAL_SPI_ErrorCallback  stm32f4xx_hal_spi.o
    0x08000d2c   0x08000d2c   0x00000108   Code   RO         1692    i.HAL_SPI_Init      stm32f4xx_hal_spi.o
    0x08000e34   0x08000e34   0x00000068   Code   RO          311    i.HAL_SPI_MspInit   spi.o
    0x08000e9c   0x08000e9c   0x00000002   Code   RO         1699    i.HAL_SPI_RxCpltCallback  stm32f4xx_hal_spi.o
    0x08000e9e   0x08000e9e   0x00000002   Code   RO         1700    i.HAL_SPI_RxHalfCpltCallback  stm32f4xx_hal_spi.o
    0x08000ea0   0x08000ea0   0x00000002   Code   RO         1707    i.HAL_SPI_TxCpltCallback  stm32f4xx_hal_spi.o
    0x08000ea2   0x08000ea2   0x00000002   Code   RO         1708    i.HAL_SPI_TxHalfCpltCallback  stm32f4xx_hal_spi.o
    0x08000ea4   0x08000ea4   0x00000002   Code   RO         1709    i.HAL_SPI_TxRxCpltCallback  stm32f4xx_hal_spi.o
    0x08000ea6   0x08000ea6   0x00000002   Code   RO         1710    i.HAL_SPI_TxRxHalfCpltCallback  stm32f4xx_hal_spi.o
    0x08000ea8   0x08000ea8   0x00000028   Code   RO         1304    i.HAL_SYSTICK_Config  stm32f4xx_hal_cortex.o
    0x08000ed0   0x08000ed0   0x00000002   Code   RO          354    i.HardFault_Handler  stm32f4xx_it.o
    0x08000ed2   0x08000ed2   0x00000002   PAD
    0x08000ed4   0x08000ed4   0x0000001c   Code   RO          463    i.MX_FATFS_Init     fatfs.o
    0x08000ef0   0x08000ef0   0x0000004c   Code   RO          286    i.MX_GPIO_Init      gpio.o
    0x08000f3c   0x08000f3c   0x0000005c   Code   RO          312    i.MX_SPI1_Init      spi.o
    0x08000f98   0x08000f98   0x00000002   Code   RO          355    i.MemManage_Handler  stm32f4xx_it.o
    0x08000f9a   0x08000f9a   0x00000002   Code   RO          356    i.NMI_Handler       stm32f4xx_it.o
    0x08000f9c   0x08000f9c   0x00000002   Code   RO          357    i.PendSV_Handler    stm32f4xx_it.o
    0x08000f9e   0x08000f9e   0x00000002   PAD
    0x08000fa0   0x08000fa0   0x00000020   Code   RO          358    i.SDTimer_Handler   stm32f4xx_it.o
    0x08000fc0   0x08000fc0   0x00000002   Code   RO          359    i.SVC_Handler       stm32f4xx_it.o
    0x08000fc2   0x08000fc2   0x00000002   PAD
    0x08000fc4   0x08000fc4   0x00000024   Code   RO          360    i.SysTick_Handler   stm32f4xx_it.o
    0x08000fe8   0x08000fe8   0x00000094   Code   RO          218    i.SystemClock_Config  main.o
    0x0800107c   0x0800107c   0x00000010   Code   RO         2052    i.SystemInit        system_stm32f4xx.o
    0x0800108c   0x0800108c   0x00000010   Code   RO         2607    i.USER_initialize   user_diskio_1.o
    0x0800109c   0x0800109c   0x00000004   Code   RO         2608    i.USER_ioctl        user_diskio_1.o
    0x080010a0   0x080010a0   0x00000004   Code   RO         2609    i.USER_read         user_diskio_1.o
    0x080010a4   0x080010a4   0x00000010   Code   RO         2610    i.USER_status       user_diskio_1.o
    0x080010b4   0x080010b4   0x00000004   Code   RO         2611    i.USER_write        user_diskio_1.o
    0x080010b8   0x080010b8   0x00000002   Code   RO          361    i.UsageFault_Handler  stm32f4xx_it.o
    0x080010ba   0x080010ba   0x00000004   Code   RO          219    i._Error_Handler    main.o
    0x080010be   0x080010be   0x00000002   PAD
    0x080010c0   0x080010c0   0x00000020   Code   RO         2742    i.__0printf$2       mc_w.l(printf2.o)
    0x080010e0   0x080010e0   0x00000020   Code   RO         1306    i.__NVIC_SetPriority  stm32f4xx_hal_cortex.o
    0x08001100   0x08001100   0x0000000e   Code   RO         2985    i.__scatterload_copy  mc_w.l(handlers.o)
    0x0800110e   0x0800110e   0x00000002   Code   RO         2986    i.__scatterload_null  mc_w.l(handlers.o)
    0x08001110   0x08001110   0x0000000e   Code   RO         2987    i.__scatterload_zeroinit  mc_w.l(handlers.o)
    0x0800111e   0x0800111e   0x000000d6   Code   RO         2749    i._printf_core      mc_w.l(printf2.o)
    0x080011f4   0x080011f4   0x00000070   Code   RO         2144    i.check_fs          ff.o
    0x08001264   0x08001264   0x00000010   Code   RO         2145    i.chk_chr           ff.o
    0x08001274   0x08001274   0x0000005c   Code   RO         2146    i.chk_lock          ff.o
    0x080012d0   0x080012d0   0x00000020   Code   RO         2147    i.clear_lock        ff.o
    0x080012f0   0x080012f0   0x00000026   Code   RO         2148    i.clmt_clust        ff.o
    0x08001316   0x08001316   0x00000018   Code   RO         2149    i.clust2sect        ff.o
    0x0800132e   0x0800132e   0x00000002   PAD
    0x08001330   0x08001330   0x00000080   Code   RO         2150    i.cmp_lfn           ff.o
    0x080013b0   0x080013b0   0x000000a4   Code   RO         2151    i.create_chain      ff.o
    0x08001454   0x08001454   0x00000208   Code   RO         2152    i.create_name       ff.o
    0x0800165c   0x0800165c   0x00000034   Code   RO         2153    i.dec_lock          ff.o
    0x08001690   0x08001690   0x000000d0   Code   RO         2154    i.dir_find          ff.o
    0x08001760   0x08001760   0x00000102   Code   RO         2155    i.dir_next          ff.o
    0x08001862   0x08001862   0x00000002   PAD
    0x08001864   0x08001864   0x000001e4   Code   RO         2157    i.dir_register      ff.o
    0x08001a48   0x08001a48   0x0000008e   Code   RO         2159    i.dir_sdi           ff.o
    0x08001ad6   0x08001ad6   0x00000002   PAD
    0x08001ad8   0x08001ad8   0x00000028   Code   RO         2089    i.disk_initialize   diskio.o
    0x08001b00   0x08001b00   0x0000001c   Code   RO         2090    i.disk_ioctl        diskio.o
    0x08001b1c   0x08001b1c   0x0000001c   Code   RO         2091    i.disk_read         diskio.o
    0x08001b38   0x08001b38   0x00000018   Code   RO         2092    i.disk_status       diskio.o
    0x08001b50   0x08001b50   0x0000001c   Code   RO         2093    i.disk_write        diskio.o
    0x08001b6c   0x08001b6c   0x00000028   Code   RO         2160    i.f_close           ff.o
    0x08001b94   0x08001b94   0x000000d4   Code   RO         2162    i.f_getfree         ff.o
    0x08001c68   0x08001c68   0x00000048   Code   RO         2163    i.f_gets            ff.o
    0x08001cb0   0x08001cb0   0x00000058   Code   RO         2167    i.f_mount           ff.o
    0x08001d08   0x08001d08   0x0000021c   Code   RO         2168    i.f_open            ff.o
    0x08001f24   0x08001f24   0x00000026   Code   RO         2172    i.f_puts            ff.o
    0x08001f4a   0x08001f4a   0x00000176   Code   RO         2173    i.f_read            ff.o
    0x080020c0   0x080020c0   0x0000008e   Code   RO         2177    i.f_sync            ff.o
    0x0800214e   0x0800214e   0x000001b2   Code   RO         2180    i.f_write           ff.o
    0x08002300   0x08002300   0x00000038   Code   RO         2575    i.ff_convert        ccsbcs.o
    0x08002338   0x08002338   0x00000080   Code   RO         2576    i.ff_wtoupper       ccsbcs.o
    0x080023b8   0x080023b8   0x00000290   Code   RO         2181    i.find_volume       ff.o
    0x08002648   0x08002648   0x0000007a   Code   RO         2182    i.follow_path       ff.o
    0x080026c2   0x080026c2   0x00000012   Code   RO         2958    i.fputc             mc_w.l(fputc.o)
    0x080026d4   0x080026d4   0x00000080   Code   RO         2183    i.gen_numname       ff.o
    0x08002754   0x08002754   0x000000e8   Code   RO         2184    i.get_fat           ff.o
    0x0800283c   0x0800283c   0x00000004   Code   RO          464    i.get_fattime       fatfs.o
    0x08002840   0x08002840   0x0000003c   Code   RO         2186    i.get_ldnumber      ff.o
    0x0800287c   0x0800287c   0x00000080   Code   RO         2187    i.inc_lock          ff.o
    0x080028fc   0x080028fc   0x00000026   Code   RO         2188    i.ld_clust          ff.o
    0x08002922   0x08002922   0x00000016   Code   RO         2189    i.ld_dword          ff.o
    0x08002938   0x08002938   0x0000000a   Code   RO         2190    i.ld_word           ff.o
    0x08002942   0x08002942   0x00000002   PAD
    0x08002944   0x08002944   0x00000160   Code   RO          220    i.main              main.o
    0x08002aa4   0x08002aa4   0x00000012   Code   RO         2191    i.mem_cpy           ff.o
    0x08002ab6   0x08002ab6   0x00000002   PAD
    0x08002ab8   0x08002ab8   0x0000000e   Code   RO         2192    i.mem_set           ff.o
    0x08002ac6   0x08002ac6   0x00000032   Code   RO         2193    i.move_window       ff.o
    0x08002af8   0x08002af8   0x00000124   Code   RO         2195    i.put_fat           ff.o
    0x08002c1c   0x08002c1c   0x00000046   Code   RO         2196    i.putc_bfd          ff.o
    0x08002c62   0x08002c62   0x0000002a   Code   RO         2197    i.putc_flush        ff.o
    0x08002c8c   0x08002c8c   0x00000074   Code   RO         2198    i.remove_chain      ff.o
    0x08002d00   0x08002d00   0x00000028   Code   RO         2199    i.st_clust          ff.o
    0x08002d28   0x08002d28   0x00000010   Code   RO         2200    i.st_dword          ff.o
    0x08002d38   0x08002d38   0x00000008   Code   RO         2201    i.st_word           ff.o
    0x08002d40   0x08002d40   0x0000001a   Code   RO         2202    i.sum_sfn           ff.o
    0x08002d5a   0x08002d5a   0x00000002   PAD
    0x08002d5c   0x08002d5c   0x00000088   Code   RO         2203    i.sync_fs           ff.o
    0x08002de4   0x08002de4   0x00000052   Code   RO         2204    i.sync_window       ff.o
    0x08002e36   0x08002e36   0x00000034   Code   RO         2205    i.validate          ff.o
    0x08002e6a   0x08002e6a   0x00000010   Data   RO         2053    .constdata          system_stm32f4xx.o
    0x08002e7a   0x08002e7a   0x000000aa   Data   RO         2207    .constdata          ff.o
    0x08002f24   0x08002f24   0x000003ae   Data   RO         2577    .constdata          ccsbcs.o
    0x080032d2   0x080032d2   0x00000002   PAD
    0x080032d4   0x080032d4   0x00000020   Data   RO         2983    Region$$Table       anon$$obj.o


    Execution Region RW_IRAM1 (Exec base: 0x20000000, Load base: 0x080032f4, Size: 0x000027d0, Max: 0x00018000, ABSOLUTE)

    Exec Addr    Load Addr    Size         Type   Attr      Idx    E Section Name        Object

    0x20000000   0x080032f4   0x00000008   Data   RW           28    .data               fatfs_sd.o
    0x20000008   0x080032fc   0x00000010   Data   RW          222    .data               main.o
    0x20000018   0x0800330c   0x00000001   Data   RW          362    .data               stm32f4xx_it.o
    0x20000019   0x0800330d   0x00000005   Data   RW          467    .data               fatfs.o
    0x2000001e   0x08003312   0x00000002   PAD
    0x20000020   0x08003314   0x0000000c   Data   RW         1450    .data               stm32f4xx_hal.o
    0x2000002c   0x08003320   0x00000004   Data   RW         2055    .data               system_stm32f4xx.o
    0x20000030   0x08003324   0x00000008   Data   RW         2208    .data               ff.o
    0x20000038   0x0800332c   0x00000001   Data   RW         2612    .data               user_diskio_1.o
    0x20000039   0x0800332d   0x00000003   PAD
    0x2000003c   0x08003330   0x00000014   Data   RW         2613    .data               user_diskio_1.o
    0x20000050   0x08003344   0x00000004   Data   RW         2670    .data               mc_w.l(stdout.o)
    0x20000054        -       0x000020cc   Zero   RW          221    .bss                main.o
    0x20002120        -       0x00000080   Zero   RW          313    .bss                spi.o
    0x200021a0        -       0x00000220   Zero   RW         2206    .bss                ff.o
    0x200023c0        -       0x0000000c   Zero   RW         2505    .bss                ff_gen_drv.o
    0x200023cc   0x08003348   0x00000004   PAD
    0x200023d0        -       0x00000400   Zero   RW            1    STACK               startup_stm32f401xe.o


==============================================================================

Image component sizes


      Code (inc. data)   RO Data    RW Data    ZI Data      Debug   Object Name

       184         22        942          0          0       2215   ccsbcs.o
       148         22          0          0          0       3665   diskio.o
        32         10          0          5          0       1488   fatfs.o
         0          0          0          8          0     384672   fatfs_sd.o
      6568        104        170          8        544      48004   ff.o
        70          6          0          0         12       1599   ff_gen_drv.o
        76          8          0          0          0        823   gpio.o
       504        114          0         16       8396       6093   main.o
       196         40          0          0        128       1637   spi.o
        36          8        404          0       1024        824   startup_stm32f401xe.o
       180         28          0         12          0       9185   stm32f4xx_hal.o
       172         14          0          0          0      33202   stm32f4xx_hal_cortex.o
       490         34          0          0          0       2136   stm32f4xx_hal_gpio.o
        48          6          0          0          0        834   stm32f4xx_hal_msp.o
      1284         52          0          0          0       4002   stm32f4xx_hal_rcc.o
       280         36          0          0          0       5093   stm32f4xx_hal_spi.o
        84         12          0          1          0       5241   stm32f4xx_it.o
         0          0          0          0          0        528   syscall.o
        16          4         16          4          0       1091   system_stm32f4xx.o
        44         12          0         21          0       3176   user_diskio_1.o

    ----------------------------------------------------------------------
     10436        532       1566         80      10108     515508   Object Totals
         0          0         32          0          0          0   (incl. Generated)
        24          0          2          5          4          0   (incl. Padding)

    ----------------------------------------------------------------------

      Code (inc. data)   RO Data    RW Data    ZI Data      Debug   Library Member Name

         0          0          0          0          0          0   entry.o
         0          0          0          0          0          0   entry10a.o
         0          0          0          0          0          0   entry11a.o
         4          0          0          0          0          0   entry12b.o
         8          4          0          0          0          0   entry2.o
         4          0          0          0          0          0   entry5.o
         0          0          0          0          0          0   entry7b.o
         0          0          0          0          0          0   entry8b.o
         8          4          0          0          0          0   entry9a.o
        18          0          0          0          0         80   fputc.o
        30          0          0          0          0          0   handlers.o
        36          8          0          0          0         68   init.o
         0          0          0          0          0          0   iusefp.o
         0          0          0          0          0          0   iusesemip.o
        30          0          0          0          0         68   llshl.o
        32          0          0          0          0         68   llushr.o
        36          0          0          0          0        108   memseta.o
       246         10          0          0          0        176   printf2.o
         0          0          0          0          0          0   semi.o
         0          0          0          4          0          0   stdout.o
        98          0          0          0          0         92   uldiv.o
       186          0          0          0          0        176   depilogue.o
        50          0          0          0          0         76   dfixui.o
        26          0          0          0          0         76   dfltui.o
       228          0          0          0          0         96   dmul.o

    ----------------------------------------------------------------------
      1042         26          0          4          0       1084   Library Totals
         2          0          0          0          0          0   (incl. Padding)

    ----------------------------------------------------------------------

      Code (inc. data)   RO Data    RW Data    ZI Data      Debug   Library Name

       550         26          0          4          0        660   mc_w.l
       490          0          0          0          0        424   mf_w.l

    ----------------------------------------------------------------------
      1042         26          0          4          0       1084   Library Totals

    ----------------------------------------------------------------------

==============================================================================


      Code (inc. data)   RO Data    RW Data    ZI Data      Debug   

     11478        558       1566         84      10108     506776   Grand Totals
     11478        558       1566         84      10108     506776   ELF Image Totals
     11478        558       1566         84          0          0   ROM Totals

==============================================================================

    Total RO  Size (Code + RO Data)                13044 (  12.74kB)
    Total RW  Size (RW Data + ZI Data)             10192 (   9.95kB)
    Total ROM Size (Code + RO Data + RW Data)      13128 (  12.82kB)

==============================================================================

